2026-05-12 20:33:28,355  INFO  =======================================================
2026-05-12 20:33:28,355  INFO  Daily Market Update — checking ['2026-05-04', '2026-05-05', '2026-05-06', '2026-05-07', '2026-05-08', '2026-05-11', '2026-05-12']
2026-05-12 20:33:28,355  INFO  =======================================================
2026-05-12 20:33:28,371  INFO  ── [1/7] Stocks ──────────────────────────────────────
2026-05-12 20:33:29,321  INFO  Stocks 2188 symbols x 1 dates, 44 batches
2026-05-12 20:36:13,277  INFO  Stocks added 2183 rows
2026-05-12 20:36:13,279  INFO  ── [2/7] Starting NSE session ────────────────────────
2026-05-12 20:36:29,726  INFO  NSE session ready
2026-05-12 20:36:33,299  INFO  ── [3/7] FII/DII ─────────────────────────────────────
2026-05-12 20:36:33,313  INFO  FII/DII 2026-05-04 already complete
2026-05-12 20:36:33,313  INFO  FII/DII 2026-05-05 already complete
2026-05-12 20:36:33,313  INFO  FII/DII 2026-05-06 already complete
2026-05-12 20:36:33,314  INFO  FII/DII 2026-05-07 already complete
2026-05-12 20:36:33,314  INFO  FII/DII 2026-05-08 already complete
2026-05-12 20:36:33,314  INFO  FII/DII 2026-05-11 already complete
2026-05-12 20:36:36,854  INFO  FII/DII 2026-05-12 equity API rows: 2
2026-05-12 20:36:40,751  INFO  FII/DII added 2 rows
2026-05-12 20:36:40,752  INFO  ── [4/7] Indices (Archive CSV) ─────────────────────────
2026-05-12 20:36:40,777  INFO  Archive 2026-05-04 already complete
2026-05-12 20:36:41,181  INFO  Archive 2026-05-05 already complete
2026-05-12 20:36:41,187  INFO  Archive 2026-05-06 already complete
2026-05-12 20:36:41,197  INFO  Archive 2026-05-07 already complete
2026-05-12 20:36:41,205  INFO  Archive 2026-05-08 already complete
2026-05-12 20:36:41,211  INFO  Archive 2026-05-11 already complete
2026-05-12 20:36:41,325  INFO  Archive 2026-05-12 +20 rows
2026-05-12 20:36:41,325  INFO  ── [4b/7] Yahoo Finance (SENSEX) ──────────────────────
2026-05-12 20:36:41,730  INFO  Yahoo indices added 7 rows
2026-05-12 20:36:41,731  INFO  ── [5/7] F&O Bhavcopy ────────────────────────────────
2026-05-12 20:36:41,865  INFO  FO 2026-05-04 already in DB
2026-05-12 20:36:41,975  INFO  FO 2026-05-05 already in DB
2026-05-12 20:36:42,072  INFO  FO 2026-05-06 already in DB
2026-05-12 20:36:42,187  INFO  FO 2026-05-07 already in DB
2026-05-12 20:36:42,296  INFO  FO 2026-05-08 already in DB
2026-05-12 20:36:42,378  INFO  FO 2026-05-11 already in DB
2026-05-12 20:36:42,384  INFO  FO 2026-05-12 trying UDiFF
2026-05-12 20:36:42,734  INFO  UDiFF failed for 2026-05-12, falling back to old ZIP
2026-05-12 20:36:42,814  WARNING  FO 2026-05-12 no data
2026-05-12 20:36:42,815  INFO  ── [6/7] Macro & Global Data ────────────────────────
2026-05-12 20:36:52,489  INFO  Global macro added 72 rows
2026-05-12 20:36:52,859  INFO  India VIX added 7 rows
2026-05-12 20:36:52,930  INFO  Done ✓
2026-05-12 20:36:52,931  INFO  =======================================================
2026-05-12 20:47:14,575  INFO  =======================================================
2026-05-12 20:47:14,576  INFO  Daily Market Update — checking ['2026-05-04', '2026-05-05', '2026-05-06', '2026-05-07', '2026-05-08', '2026-05-11', '2026-05-12']
2026-05-12 20:47:14,576  INFO  =======================================================
2026-05-12 20:47:14,579  INFO  ── [1/7] Stocks ──────────────────────────────────────
2026-05-12 20:47:14,608  INFO  Stocks up to date
2026-05-12 20:47:14,609  INFO  ── [2/7] Starting NSE session ────────────────────────
2026-05-12 20:47:27,514  INFO  NSE session ready
2026-05-12 20:47:29,887  INFO  ── [3/7] FII/DII ─────────────────────────────────────
2026-05-12 20:47:29,888  INFO  FII/DII 2026-05-04 already complete
2026-05-12 20:47:29,888  INFO  FII/DII 2026-05-05 already complete
2026-05-12 20:47:29,888  INFO  FII/DII 2026-05-06 already complete
2026-05-12 20:47:29,888  INFO  FII/DII 2026-05-07 already complete
2026-05-12 20:47:29,889  INFO  FII/DII 2026-05-08 already complete
2026-05-12 20:47:29,889  INFO  FII/DII 2026-05-11 already complete
2026-05-12 20:47:33,552  INFO  FII/DII 2026-05-12 equity API rows: 2
2026-05-12 20:47:36,909  INFO  FII/DII added 2 rows
2026-05-12 20:47:36,910  INFO  ── [4/7] Indices (Archive CSV) ─────────────────────────
2026-05-12 20:47:36,919  INFO  Archive 2026-05-04 already complete
2026-05-12 20:47:37,120  INFO  Archive 2026-05-05 already complete
2026-05-12 20:47:37,128  INFO  Archive 2026-05-06 already complete
2026-05-12 20:47:37,134  INFO  Archive 2026-05-07 already complete
2026-05-12 20:47:37,141  INFO  Archive 2026-05-08 already complete
2026-05-12 20:47:37,148  INFO  Archive 2026-05-11 already complete
2026-05-12 20:47:37,154  INFO  Archive 2026-05-12 already complete
2026-05-12 20:47:37,154  INFO  Archive CSV nothing new
2026-05-12 20:47:37,154  INFO  ── [4b/7] Yahoo Finance (SENSEX) ──────────────────────
2026-05-12 20:47:38,597  INFO  Yahoo indices added 7 rows
2026-05-12 20:47:38,598  INFO  ── [5/7] F&O Bhavcopy ────────────────────────────────
2026-05-12 20:47:38,618  INFO  FO 2026-05-04 already in DB
2026-05-12 20:47:38,628  INFO  FO 2026-05-05 already in DB
2026-05-12 20:47:38,637  INFO  FO 2026-05-06 already in DB
2026-05-12 20:47:38,646  INFO  FO 2026-05-07 already in DB
2026-05-12 20:47:38,655  INFO  FO 2026-05-08 already in DB
2026-05-12 20:47:38,664  INFO  FO 2026-05-11 already in DB
2026-05-12 20:47:38,668  INFO  FO 2026-05-12 trying UDiFF
2026-05-12 20:47:38,748  INFO  UDiFF failed for 2026-05-12, falling back to old ZIP
2026-05-12 20:47:38,819  WARNING  FO 2026-05-12 no data
2026-05-12 20:47:38,821  INFO  ── [6/7] Macro & Global Data ────────────────────────
2026-05-12 20:47:48,680  INFO  Global macro added 72 rows
2026-05-12 20:47:49,071  INFO  India VIX added 7 rows
2026-05-12 20:47:49,089  INFO  Done ✓
2026-05-12 20:47:49,090  INFO  =======================================================
2026-05-12 21:21:31,547  INFO  =======================================================
2026-05-12 21:21:31,548  INFO  Daily Market Update — checking ['2026-05-04', '2026-05-05', '2026-05-06', '2026-05-07', '2026-05-08', '2026-05-11', '2026-05-12']
2026-05-12 21:21:31,548  INFO  =======================================================
2026-05-12 21:21:31,551  INFO  ── [1/7] Stocks ──────────────────────────────────────
2026-05-12 21:21:32,485  INFO  Stocks up to date
2026-05-12 21:21:32,486  INFO  ── [2/7] Starting NSE session ────────────────────────
2026-05-12 21:21:46,900  INFO  NSE session ready
2026-05-12 21:21:49,133  INFO  ── [3/7] FII/DII ─────────────────────────────────────
2026-05-12 21:21:49,135  INFO  FII/DII 2026-05-04 already complete
2026-05-12 21:21:49,135  INFO  FII/DII 2026-05-05 already complete
2026-05-12 21:21:49,135  INFO  FII/DII 2026-05-06 already complete
2026-05-12 21:21:49,135  INFO  FII/DII 2026-05-07 already complete
2026-05-12 21:21:49,135  INFO  FII/DII 2026-05-08 already complete
2026-05-12 21:21:49,136  INFO  FII/DII 2026-05-11 already complete
2026-05-12 21:21:52,284  INFO  FII/DII 2026-05-12 equity API rows: 2
2026-05-12 21:21:54,404  INFO  F&O CSV found: https://nsearchives.nseindia.com/content/nsccl/fao_participant_oi_12052026.csv
2026-05-12 21:21:54,433  INFO  FII/DII 2026-05-12 F&O rows: 4
2026-05-12 21:21:54,438  INFO  FII/DII added 6 rows
2026-05-12 21:21:54,438  INFO  ── [4/7] Indices (Archive CSV) ─────────────────────────
2026-05-12 21:21:54,456  INFO  Archive 2026-05-04 already complete
2026-05-12 21:21:54,604  INFO  Archive 2026-05-05 already complete
2026-05-12 21:21:54,609  INFO  Archive 2026-05-06 already complete
2026-05-12 21:21:54,612  INFO  Archive 2026-05-07 already complete
2026-05-12 21:21:54,615  INFO  Archive 2026-05-08 already complete
2026-05-12 21:21:54,619  INFO  Archive 2026-05-11 already complete
2026-05-12 21:21:54,622  INFO  Archive 2026-05-12 already complete
2026-05-12 21:21:54,622  INFO  Archive CSV nothing new
2026-05-12 21:21:54,622  INFO  ── [4b/7] Yahoo Finance (SENSEX) ──────────────────────
2026-05-12 21:21:55,684  INFO  Yahoo indices added 7 rows
2026-05-12 21:21:55,684  INFO  ── [5/7] F&O Bhavcopy ────────────────────────────────
2026-05-12 21:21:55,740  INFO  FO 2026-05-04 already in DB
2026-05-12 21:21:55,795  INFO  FO 2026-05-05 already in DB
2026-05-12 21:21:55,854  INFO  FO 2026-05-06 already in DB
2026-05-12 21:21:55,924  INFO  FO 2026-05-07 already in DB
2026-05-12 21:21:55,971  INFO  FO 2026-05-08 already in DB
2026-05-12 21:21:56,016  INFO  FO 2026-05-11 already in DB
2026-05-12 21:21:56,018  INFO  FO 2026-05-12 trying UDiFF
2026-05-12 21:21:56,097  INFO  UDiFF failed for 2026-05-12, falling back to old ZIP
2026-05-12 21:22:02,068  INFO  FO 2026-05-12 inserted 42635 rows
2026-05-12 21:22:02,081  INFO  ── [6/7] Macro & Global Data ────────────────────────
2026-05-12 21:22:13,422  INFO  Global macro added 72 rows
2026-05-12 21:22:13,775  INFO  India VIX added 7 rows
2026-05-12 21:22:13,816  INFO  Done ✓
2026-05-12 21:22:13,817  INFO  =======================================================
2026-05-12 21:39:43,831  INFO  =======================================================
2026-05-12 21:39:43,832  INFO  Daily Market Update — checking ['2026-05-04', '2026-05-05', '2026-05-06', '2026-05-07', '2026-05-08', '2026-05-11', '2026-05-12']
2026-05-12 21:39:43,832  INFO  =======================================================
2026-05-12 21:39:43,836  INFO  ── [1/7] Stocks ──────────────────────────────────────
2026-05-12 21:39:44,474  INFO  Stocks up to date
2026-05-12 21:39:44,475  INFO  ── [2/7] Starting NSE session ────────────────────────
2026-05-12 21:39:57,699  INFO  NSE session ready
2026-05-12 21:40:00,536  INFO  ── [3/7] FII/DII ─────────────────────────────────────
2026-05-12 21:40:00,539  INFO  FII/DII 2026-05-04 already complete
2026-05-12 21:40:00,539  INFO  FII/DII 2026-05-05 already complete
2026-05-12 21:40:00,539  INFO  FII/DII 2026-05-06 already complete
2026-05-12 21:40:00,539  INFO  FII/DII 2026-05-07 already complete
2026-05-12 21:40:00,539  INFO  FII/DII 2026-05-08 already complete
2026-05-12 21:40:00,539  INFO  FII/DII 2026-05-11 already complete
2026-05-12 21:40:00,539  INFO  FII/DII 2026-05-12 already complete
2026-05-12 21:40:00,540  INFO  FII/DII added 0 rows
2026-05-12 21:40:00,540  INFO  ── [4/7] Indices (Archive CSV) ─────────────────────────
2026-05-12 21:40:00,580  INFO  Archive 2026-05-04 already complete
2026-05-12 21:40:00,907  INFO  Archive 2026-05-05 already complete
2026-05-12 21:40:00,911  INFO  Archive 2026-05-06 already complete
2026-05-12 21:40:00,915  INFO  Archive 2026-05-07 already complete
2026-05-12 21:40:00,918  INFO  Archive 2026-05-08 already complete
2026-05-12 21:40:00,922  INFO  Archive 2026-05-11 already complete
2026-05-12 21:40:00,925  INFO  Archive 2026-05-12 already complete
2026-05-12 21:40:00,925  INFO  Archive CSV nothing new
2026-05-12 21:40:00,925  INFO  ── [4b/7] Yahoo Finance (SENSEX) ──────────────────────
2026-05-12 21:40:01,977  INFO  Yahoo indices added 7 rows
2026-05-12 21:40:01,977  INFO  ── [5/7] F&O Bhavcopy ────────────────────────────────
2026-05-12 21:40:02,073  INFO  FO 2026-05-04 already in DB
2026-05-12 21:40:02,156  INFO  FO 2026-05-05 already in DB
2026-05-12 21:40:02,221  INFO  FO 2026-05-06 already in DB
2026-05-12 21:40:02,304  INFO  FO 2026-05-07 already in DB
2026-05-12 21:40:02,393  INFO  FO 2026-05-08 already in DB
2026-05-12 21:40:02,468  INFO  FO 2026-05-11 already in DB
2026-05-12 21:40:02,530  INFO  FO 2026-05-12 already in DB
2026-05-12 21:40:02,531  INFO  ── [6/7] Macro & Global Data ────────────────────────
2026-05-12 21:40:10,252  INFO  Global macro added 71 rows
2026-05-12 21:40:10,427  INFO  India VIX added 7 rows
2026-05-12 21:40:10,463  INFO  Done ✓
2026-05-12 21:40:10,464  INFO  =======================================================
2026-05-12 23:30:19,298  INFO  =======================================================
2026-05-12 23:30:19,300  INFO  Daily Market Update — checking ['2026-05-04', '2026-05-05', '2026-05-06', '2026-05-07', '2026-05-08', '2026-05-11', '2026-05-12']
2026-05-12 23:30:19,300  INFO  =======================================================
2026-05-12 23:30:19,303  INFO  ── [1/7] Stocks ──────────────────────────────────────
2026-05-12 23:30:19,705  INFO  Stocks up to date
2026-05-12 23:30:19,705  INFO  ── [2/7] Starting NSE session ────────────────────────
2026-05-12 23:30:33,606  INFO  NSE session ready
2026-05-12 23:30:36,410  INFO  ── [3/7] FII/DII ─────────────────────────────────────
2026-05-12 23:30:36,412  INFO  FII/DII 2026-05-04 already complete
2026-05-12 23:30:36,413  INFO  FII/DII 2026-05-05 already complete
2026-05-12 23:30:36,413  INFO  FII/DII 2026-05-06 already complete
2026-05-12 23:30:36,413  INFO  FII/DII 2026-05-07 already complete
2026-05-12 23:30:36,414  INFO  FII/DII 2026-05-08 already complete
2026-05-12 23:30:36,414  INFO  FII/DII 2026-05-11 already complete
2026-05-12 23:30:36,414  INFO  FII/DII 2026-05-12 already complete
2026-05-12 23:30:36,414  INFO  FII/DII added 0 rows
2026-05-12 23:30:36,414  INFO  ── [4/7] Indices (Archive CSV) ─────────────────────────
2026-05-12 23:30:36,441  INFO  Archive 2026-05-04 already complete
2026-05-12 23:30:36,815  INFO  Archive 2026-05-05 already complete
2026-05-12 23:30:36,819  INFO  Archive 2026-05-06 already complete
2026-05-12 23:30:36,822  INFO  Archive 2026-05-07 already complete
2026-05-12 23:30:36,826  INFO  Archive 2026-05-08 already complete
2026-05-12 23:30:36,829  INFO  Archive 2026-05-11 already complete
2026-05-12 23:30:36,832  INFO  Archive 2026-05-12 already complete
2026-05-12 23:30:36,832  INFO  Archive CSV nothing new
2026-05-12 23:30:36,832  INFO  ── [4b/7] Yahoo Finance (SENSEX) ──────────────────────
2026-05-12 23:30:41,065  INFO  Yahoo indices added 7 rows
2026-05-12 23:30:41,065  INFO  ── [5/7] F&O Bhavcopy ────────────────────────────────
2026-05-12 23:30:41,167  INFO  FO 2026-05-04 already in DB
2026-05-12 23:30:41,245  INFO  FO 2026-05-05 already in DB
2026-05-12 23:30:41,332  INFO  FO 2026-05-06 already in DB
2026-05-12 23:30:41,406  INFO  FO 2026-05-07 already in DB
2026-05-12 23:30:41,470  INFO  FO 2026-05-08 already in DB
2026-05-12 23:30:41,550  INFO  FO 2026-05-11 already in DB
2026-05-12 23:30:41,642  INFO  FO 2026-05-12 already in DB
2026-05-12 23:30:41,643  INFO  ── [6/7] Macro & Global Data ────────────────────────
2026-05-12 23:30:50,128  INFO  Global macro added 71 rows
2026-05-12 23:30:50,387  INFO  India VIX added 7 rows
2026-05-12 23:30:50,432  INFO  Done ✓
2026-05-12 23:30:50,432  INFO  =======================================================
2026-05-13 00:43:45,540  WARNING  Today 2026-05-13 excluded – re-run after 3:30 PM.
2026-05-13 00:43:45,541  INFO  =======================================================
2026-05-13 00:43:45,542  INFO  Daily Market Update — checking ['2026-05-05', '2026-05-06', '2026-05-07', '2026-05-08', '2026-05-11', '2026-05-12']
2026-05-13 00:43:45,542  INFO  =======================================================
2026-05-13 00:43:45,546  INFO  ── [1/7] Stocks ──────────────────────────────────────
2026-05-13 00:43:46,081  INFO  Stocks up to date
2026-05-13 00:43:46,081  INFO  ── [2/7] Starting NSE session ────────────────────────
2026-05-13 00:44:06,175  INFO  NSE session ready
2026-05-13 00:44:09,001  INFO  ── [3/7] FII/DII ─────────────────────────────────────
2026-05-13 00:44:09,005  INFO  FII/DII 2026-05-05 already complete
2026-05-13 00:44:09,006  INFO  FII/DII 2026-05-06 already complete
2026-05-13 00:44:09,006  INFO  FII/DII 2026-05-07 already complete
2026-05-13 00:44:09,006  INFO  FII/DII 2026-05-08 already complete
2026-05-13 00:44:09,006  INFO  FII/DII 2026-05-11 already complete
2026-05-13 00:44:09,006  INFO  FII/DII 2026-05-12 already complete
2026-05-13 00:44:09,007  INFO  FII/DII added 0 rows
2026-05-13 00:44:09,007  INFO  ── [4/7] Indices (Archive CSV) ─────────────────────────
2026-05-13 00:44:09,400  INFO  Archive 2026-05-05 already complete
2026-05-13 00:44:09,405  INFO  Archive 2026-05-06 already complete
2026-05-13 00:44:09,409  INFO  Archive 2026-05-07 already complete
2026-05-13 00:44:09,412  INFO  Archive 2026-05-08 already complete
2026-05-13 00:44:09,416  INFO  Archive 2026-05-11 already complete
2026-05-13 00:44:09,419  INFO  Archive 2026-05-12 already complete
2026-05-13 00:44:09,420  INFO  Archive CSV nothing new
2026-05-13 00:44:09,420  INFO  ── [4b/7] Yahoo Finance (SENSEX) ──────────────────────
2026-05-13 00:44:10,185  INFO  Yahoo indices added 5 rows
2026-05-13 00:44:10,185  INFO  ── [5/7] F&O Bhavcopy ────────────────────────────────
2026-05-13 00:44:10,291  INFO  FO 2026-05-05 already in DB
2026-05-13 00:44:10,395  INFO  FO 2026-05-06 already in DB
2026-05-13 00:44:10,504  INFO  FO 2026-05-07 already in DB
2026-05-13 00:44:10,613  INFO  FO 2026-05-08 already in DB
2026-05-13 00:44:10,723  INFO  FO 2026-05-11 already in DB
2026-05-13 00:44:10,826  INFO  FO 2026-05-12 already in DB
2026-05-13 00:44:10,826  INFO  ── [6/7] Macro & Global Data ────────────────────────
2026-05-13 00:44:18,710  INFO  Global macro added 62 rows
2026-05-13 00:44:18,941  INFO  India VIX added 5 rows
2026-05-13 00:44:18,991  INFO  Done ✓
2026-05-13 00:44:18,992  INFO  =======================================================
2026-05-17 13:34:25,221  INFO  Sunday 17-May-2026 (weekend). Checking last 7 days for missing data.
2026-05-17 13:34:25,222  INFO  =======================================================
2026-05-17 13:34:25,222  INFO  Daily Market Update — checking ['2026-05-07', '2026-05-08', '2026-05-11', '2026-05-12', '2026-05-13', '2026-05-14', '2026-05-15']
2026-05-17 13:34:25,222  INFO  =======================================================
2026-05-17 13:34:25,229  INFO  ── [1/7] Stocks ──────────────────────────────────────
2026-05-17 13:34:25,276  INFO  Stocks up to date
2026-05-17 13:34:25,277  INFO  ── [2/7] Starting NSE session ────────────────────────
2026-05-17 13:34:45,084  INFO  NSE session ready
2026-05-17 13:34:48,644  INFO  ── [3/7] FII/DII ─────────────────────────────────────
2026-05-17 13:34:48,645  INFO  FII/DII 2026-05-07 already complete
2026-05-17 13:34:48,645  INFO  FII/DII 2026-05-08 already complete
2026-05-17 13:34:48,646  INFO  FII/DII 2026-05-11 already complete
2026-05-17 13:34:48,646  INFO  FII/DII 2026-05-12 already complete
2026-05-17 13:34:48,646  INFO  FII/DII 2026-05-13 already complete
2026-05-17 13:34:48,646  INFO  FII/DII 2026-05-14 already complete
2026-05-17 13:34:48,646  INFO  FII/DII 2026-05-15 already complete
2026-05-17 13:34:48,646  INFO  FII/DII added 0 rows
2026-05-17 13:34:48,646  INFO  ── [4/7] Indices (Archive CSV) ─────────────────────────
2026-05-17 13:34:48,657  INFO  Archive 2026-05-07 already complete
2026-05-17 13:34:48,664  INFO  Archive 2026-05-08 already complete
2026-05-17 13:34:48,671  INFO  Archive 2026-05-11 already complete
2026-05-17 13:34:48,678  INFO  Archive 2026-05-12 already complete
2026-05-17 13:34:48,742  INFO  Archive 2026-05-13 already complete
2026-05-17 13:34:48,763  INFO  Archive 2026-05-14 already complete
2026-05-17 13:34:48,769  INFO  Archive 2026-05-15 already complete
2026-05-17 13:34:48,770  INFO  Archive CSV nothing new
2026-05-17 13:34:48,770  INFO  ── [4b/7] Yahoo Finance (SENSEX) ──────────────────────
2026-05-17 13:34:55,637  INFO  Yahoo indices added 7 rows
2026-05-17 13:34:55,638  INFO  ── [5/7] F&O Bhavcopy ────────────────────────────────
2026-05-17 13:34:55,844  INFO  FO 2026-05-07 already in DB
2026-05-17 13:34:55,957  INFO  FO 2026-05-08 already in DB
2026-05-17 13:34:56,052  INFO  FO 2026-05-11 already in DB
2026-05-17 13:34:56,129  INFO  FO 2026-05-12 already in DB
2026-05-17 13:34:56,187  INFO  FO 2026-05-13 already in DB
2026-05-17 13:34:56,239  INFO  FO 2026-05-14 already in DB
2026-05-17 13:34:56,290  INFO  FO 2026-05-15 already in DB
2026-05-17 13:34:56,290  INFO  ── [6/7] Macro & Global Data ────────────────────────
2026-05-17 13:35:04,871  INFO  Global macro added 77 rows
2026-05-17 13:35:05,193  INFO  India VIX added 7 rows
2026-05-17 13:35:05,258  INFO  Done ✓
2026-05-17 13:35:05,259  INFO  =======================================================
