2026-05-12 20:47:51,060  INFO  =======================================================
2026-05-12 20:47:51,060  INFO  Starting Delivery % update (with data cleaning)
2026-05-12 20:47:51,064  INFO  Fetching delivery for 04-05-2026...
2026-05-12 20:47:55,431  INFO  Inserted 3264 rows for 2026-05-04
2026-05-12 20:47:55,433  INFO  Fetching delivery for 05-05-2026...
2026-05-12 20:47:58,878  INFO  Inserted 3246 rows for 2026-05-05
2026-05-12 20:47:58,879  INFO  Fetching delivery for 06-05-2026...
2026-05-12 20:48:02,624  INFO  Inserted 3227 rows for 2026-05-06
2026-05-12 20:48:02,626  INFO  Fetching delivery for 07-05-2026...
2026-05-12 20:48:06,496  INFO  Inserted 3246 rows for 2026-05-07
2026-05-12 20:48:06,498  INFO  Fetching delivery for 08-05-2026...
2026-05-12 20:48:10,437  INFO  Inserted 3234 rows for 2026-05-08
2026-05-12 20:48:10,439  INFO  Fetching delivery for 11-05-2026...
2026-05-12 20:48:13,944  INFO  Inserted 3258 rows for 2026-05-11
2026-05-12 20:48:13,946  INFO  Fetching delivery for 12-05-2026...
2026-05-12 20:48:17,453  INFO  Inserted 3233 rows for 2026-05-12
2026-05-12 20:48:17,455  INFO  Delivery update complete. Total rows added: 22708
2026-05-12 20:48:17,455  INFO  =======================================================
2026-05-12 21:22:15,677  INFO  =======================================================
2026-05-12 21:22:15,678  INFO  Starting Delivery % update (with data cleaning)
2026-05-12 21:22:15,682  INFO  Fetching delivery for 04-05-2026...
2026-05-12 21:22:19,090  INFO  Inserted 3264 rows for 2026-05-04
2026-05-12 21:22:19,090  INFO  Fetching delivery for 05-05-2026...
2026-05-12 21:22:21,406  INFO  Inserted 3246 rows for 2026-05-05
2026-05-12 21:22:21,407  INFO  Fetching delivery for 06-05-2026...
2026-05-12 21:22:23,759  INFO  Inserted 3227 rows for 2026-05-06
2026-05-12 21:22:23,761  INFO  Fetching delivery for 07-05-2026...
2026-05-12 21:22:26,072  INFO  Inserted 3246 rows for 2026-05-07
2026-05-12 21:22:26,073  INFO  Fetching delivery for 08-05-2026...
2026-05-12 21:22:28,145  INFO  Inserted 3234 rows for 2026-05-08
2026-05-12 21:22:28,146  INFO  Fetching delivery for 11-05-2026...
2026-05-12 21:22:30,096  INFO  Inserted 3258 rows for 2026-05-11
2026-05-12 21:22:30,096  INFO  Fetching delivery for 12-05-2026...
2026-05-12 21:22:32,498  INFO  Inserted 3233 rows for 2026-05-12
2026-05-12 21:22:32,499  INFO  Delivery update complete. Total rows added: 22708
2026-05-12 21:22:32,499  INFO  =======================================================
2026-05-12 21:40:12,238  INFO  =======================================================
2026-05-12 21:40:12,238  INFO  Starting Delivery % update (with data cleaning)
2026-05-12 21:40:12,243  INFO  Fetching delivery for 04-05-2026...
2026-05-12 21:40:16,275  INFO  Inserted 3264 rows for 2026-05-04
2026-05-12 21:40:16,277  INFO  Fetching delivery for 05-05-2026...
2026-05-12 21:40:18,311  INFO  Inserted 3246 rows for 2026-05-05
2026-05-12 21:40:18,311  INFO  Fetching delivery for 06-05-2026...
2026-05-12 21:40:20,461  INFO  Inserted 3227 rows for 2026-05-06
2026-05-12 21:40:20,462  INFO  Fetching delivery for 07-05-2026...
2026-05-12 21:40:22,507  INFO  Inserted 3246 rows for 2026-05-07
2026-05-12 21:40:22,508  INFO  Fetching delivery for 08-05-2026...
2026-05-12 21:40:24,871  INFO  Inserted 3234 rows for 2026-05-08
2026-05-12 21:40:24,872  INFO  Fetching delivery for 11-05-2026...
2026-05-12 21:40:27,005  INFO  Inserted 3258 rows for 2026-05-11
2026-05-12 21:40:27,006  INFO  Fetching delivery for 12-05-2026...
2026-05-12 21:40:29,420  INFO  Inserted 3233 rows for 2026-05-12
2026-05-12 21:40:29,421  INFO  Delivery update complete. Total rows added: 22708
2026-05-12 21:40:29,421  INFO  =======================================================
2026-05-12 23:30:52,625  INFO  =======================================================
2026-05-12 23:30:52,625  INFO  Starting Delivery % update (with data cleaning)
2026-05-12 23:30:52,629  INFO  Fetching delivery for 04-05-2026...
2026-05-12 23:30:55,499  INFO  Inserted 3264 rows for 2026-05-04
2026-05-12 23:30:55,500  INFO  Fetching delivery for 05-05-2026...
2026-05-12 23:30:57,566  INFO  Inserted 3246 rows for 2026-05-05
2026-05-12 23:30:57,567  INFO  Fetching delivery for 06-05-2026...
2026-05-12 23:30:59,703  INFO  Inserted 3227 rows for 2026-05-06
2026-05-12 23:30:59,704  INFO  Fetching delivery for 07-05-2026...
2026-05-12 23:31:01,687  INFO  Inserted 3246 rows for 2026-05-07
2026-05-12 23:31:01,688  INFO  Fetching delivery for 08-05-2026...
2026-05-12 23:31:04,155  INFO  Inserted 3234 rows for 2026-05-08
2026-05-12 23:31:04,156  INFO  Fetching delivery for 11-05-2026...
2026-05-12 23:31:06,131  INFO  Inserted 3258 rows for 2026-05-11
2026-05-12 23:31:06,133  INFO  Fetching delivery for 12-05-2026...
2026-05-12 23:31:08,650  INFO  Inserted 3233 rows for 2026-05-12
2026-05-12 23:31:08,652  INFO  Delivery update complete. Total rows added: 22708
2026-05-12 23:31:08,652  INFO  =======================================================
2026-05-13 00:44:20,917  INFO  =======================================================
2026-05-13 00:44:20,918  INFO  Starting Delivery % update (with data cleaning)
2026-05-13 00:44:20,922  INFO  Fetching delivery for 05-05-2026...
2026-05-13 00:44:25,184  INFO  Inserted 3246 rows for 2026-05-05
2026-05-13 00:44:25,185  INFO  Fetching delivery for 06-05-2026...
2026-05-13 00:44:27,499  INFO  Inserted 3227 rows for 2026-05-06
2026-05-13 00:44:27,500  INFO  Fetching delivery for 07-05-2026...
2026-05-13 00:44:30,296  INFO  Inserted 3246 rows for 2026-05-07
2026-05-13 00:44:30,297  INFO  Fetching delivery for 08-05-2026...
2026-05-13 00:44:33,161  INFO  Inserted 3234 rows for 2026-05-08
2026-05-13 00:44:33,163  INFO  Fetching delivery for 11-05-2026...
2026-05-13 00:44:35,860  INFO  Inserted 3258 rows for 2026-05-11
2026-05-13 00:44:35,861  INFO  Fetching delivery for 12-05-2026...
2026-05-13 00:44:38,171  INFO  Inserted 3233 rows for 2026-05-12
2026-05-13 00:44:38,172  INFO  Fetching delivery for 13-05-2026...
2026-05-13 00:44:39,654  ERROR  Failed 2026-05-13:  Data not found, change the trade_date...
2026-05-13 00:44:39,654  INFO  Delivery update complete. Total rows added: 19444
2026-05-13 00:44:39,654  INFO  =======================================================
2026-05-17 13:35:08,118  INFO  =======================================================
2026-05-17 13:35:08,131  INFO  Starting Delivery % update (with data cleaning)
2026-05-17 13:35:08,136  INFO  Fetching delivery for 07-05-2026...
2026-05-17 13:35:16,909  INFO  Inserted 3246 rows for 2026-05-07
2026-05-17 13:35:16,911  INFO  Fetching delivery for 08-05-2026...
2026-05-17 13:35:21,624  INFO  Inserted 3234 rows for 2026-05-08
2026-05-17 13:35:21,625  INFO  Fetching delivery for 11-05-2026...
2026-05-17 13:35:25,829  INFO  Inserted 3258 rows for 2026-05-11
2026-05-17 13:35:25,830  INFO  Fetching delivery for 12-05-2026...
2026-05-17 13:35:30,720  INFO  Inserted 3233 rows for 2026-05-12
2026-05-17 13:35:30,723  INFO  Fetching delivery for 13-05-2026...
2026-05-17 13:35:35,954  INFO  Inserted 3231 rows for 2026-05-13
2026-05-17 13:35:35,956  INFO  Fetching delivery for 14-05-2026...
2026-05-17 13:35:39,833  INFO  Inserted 3225 rows for 2026-05-14
2026-05-17 13:35:39,834  INFO  Fetching delivery for 15-05-2026...
2026-05-17 13:35:43,316  INFO  Inserted 3226 rows for 2026-05-15
2026-05-17 13:35:43,319  INFO  Delivery update complete. Total rows added: 22653
2026-05-17 13:35:43,319  INFO  =======================================================
