2026-05-12 20:06:12,150  INFO  =======================================================
2026-05-12 20:06:12,150  INFO  Mutual Fund NAV Tracker (robust)
2026-05-12 20:06:13,215  INFO  Found 37595 schemes. Fetching NAVs for first 100...
2026-05-12 20:06:13,216  INFO  (1/100) Grindlays Super Saver Income Fund-GSSIF-Half Yearly Dividend...
2026-05-12 20:06:13,920  INFO  (2/100) Grindlays Super Saver Income Fund-GSSIF-Quaterly Dividend...
2026-05-12 20:06:14,588  INFO  (3/100) Grindlays Super Saver Income Fund-GSSIF-Growth...
2026-05-12 20:06:15,254  INFO  (4/100) Grindlays Super Saver Income Fund-GSSIF-Annual Dividend...
2026-05-12 20:06:15,954  INFO  (5/100) Grindlays Super Saver Income Fund-GSSIF - ST-Dividend...
2026-05-12 20:06:16,610  INFO  (6/100) Grindlays Super Saver Income Fund-GSSIF - ST-Growth...
2026-05-12 20:06:17,313  INFO  (7/100) Aditya Birla Sun Life Large & Mid Cap Fund - Regular Growth...
2026-05-12 20:06:18,058  INFO  (8/100) Aditya Birla Sun Life Large & Mid Cap Fund -Regular - IDCW...
2026-05-12 20:06:18,800  INFO  (9/100) Birla Sun Life Freedom Fund-Plan A (Dividend)...
2026-05-12 20:06:19,516  INFO  (10/100) Birla Sun Life Freedom Fund-Plan B (Growth)...
2026-05-12 20:06:20,227  INFO  (11/100) Aditya Birla Sun Life Income Fund - Regular - Quarterly IDCW...
2026-05-12 20:06:21,004  INFO  (12/100) Aditya Birla Sun Life Income Fund - Growth - Regular Plan...
2026-05-12 20:06:21,790  INFO  (13/100) Aditya Birla Sun Life Liquid Fund -Institutional - IDCW...
2026-05-12 20:06:22,877  INFO  (14/100) Aditya Birla Sun Life Liquid Fund-Retail (Growth)...
2026-05-12 20:06:23,763  INFO  (15/100) Aditya Birla Sun Life Liquid Fund-Institutional (Growth)...
2026-05-12 20:06:24,533  INFO  (16/100) Aditya Birla Sun Life Liquid Fund -Retail - IDCW...
2026-05-12 20:06:25,285  INFO  (17/100) Aditya Birla Sun Life Liquid Fund -Daily IDCW...
2026-05-12 20:06:26,019  INFO  (18/100) Aditya Birla Sun Life Liquid Fund - Growth...
2026-05-12 20:06:26,806  INFO  (19/100) Aditya Birla Sun Life Liquid Fund -Institutional - weekly  I...
2026-05-12 20:06:27,613  INFO  (20/100) Aditya Birla Sun Life Cash Plus-Institutional - Fortnightly ...
2026-05-12 20:06:28,310  INFO  (21/100) Aditya Birla Sun Life Liquid Fund -weekly IDCW...
2026-05-12 20:06:29,048  INFO  (22/100) Aditya Birla Sun Life Cash Plus-Institutional Premium - Fort...
2026-05-12 20:06:29,704  INFO  (23/100) Aditya Birla Sun Life Cash Plus-Institutional Premium Plan-M...
2026-05-12 20:06:30,352  INFO  (24/100) Aditya Birla Sun Life Gilt Plus - Liquid Plan - Quarterly Di...
2026-05-12 20:06:31,051  INFO  (25/100) Aditya Birla Sun Life Gilt Plus - Liquid Plan - Growth - Reg...
2026-05-12 20:06:31,768  INFO  (26/100) Aditya Birla Sun Life Gilt Plus - Liquid Plan - Annual Divid...
2026-05-12 20:06:32,444  INFO  (27/100) Aditya Birla Sun Life Govenment Securities Fund -Regular - Q...
2026-05-12 20:06:33,156  INFO  (28/100) Aditya Birla Sun Life Government Securities Fund  - Growth -...
2026-05-12 20:06:33,886  INFO  (29/100) Aditya Birla Sun Life Gilt Plus-PF Plan (Annual Dividend)...
2026-05-12 20:06:34,565  INFO  (30/100) Aditya Birla Sun Life Constant Maturity 10 Year Gilt Fund - ...
2026-05-12 20:06:35,291  INFO  (31/100) Aditya Birla Sun Life Constant Maturity 10 Year Gilt Fund - ...
2026-05-12 20:06:36,215  INFO  (32/100) Aditya Birla Sun Life Gilt Plus-Regular Plan (Annual Dividen...
2026-05-12 20:06:36,922  INFO  (33/100) Aditya Birla Sun Life MNC Fund - Regular - IDCW...
2026-05-12 20:06:37,693  INFO  (34/100) Aditya Birla Sun Life MNC Fund - Growth - Regular Plan...
2026-05-12 20:06:38,432  INFO  (35/100) Aditya Birla Sun Life India Opportunities Fund - Dividend - ...
2026-05-12 20:06:39,091  INFO  (36/100) Aditya Birla Sun Life India Opportunities Fund - Growth - Re...
2026-05-12 20:06:39,792  INFO  (37/100) Aditya Birla Sun Life Tax Plan -Regular - IDCW...
2026-05-12 20:06:40,510  INFO  (38/100) BARODA ELSS 96 - Plan A - IDCW...
2026-05-12 20:06:41,235  INFO  (39/100) BARODA PIONEER DIVERSIFIED FUND...
2026-05-12 20:06:41,896  INFO  (40/100) DSP Bond Fund - IDCW...
2026-05-12 20:06:42,630  INFO  (41/100) DSP Bond Fund - Growth...
2026-05-12 20:06:43,360  INFO  (42/100) DSP Bond Fund - IDCW - Monthly...
2026-05-12 20:06:44,075  INFO  (43/100) DSP Flexi Cap Fund - Regular Plan - IDCW...
2026-05-12 20:06:44,854  INFO  (44/100) DSP Aggressive Hybrid Fund- Regular Plan - Growth...
2026-05-12 20:06:45,580  INFO  (45/100) DSP Aggressive Hybrid Fund- Regular Plan - IDCW...
2026-05-12 20:06:46,344  INFO  (46/100) DSP Gilt Fund - Regular Plan - Growth...
2026-05-12 20:06:47,054  INFO  (47/100) DSP Gilt Fund - Regular Plan - IDCW...
2026-05-12 20:06:47,805  INFO  (48/100) DSP Gilt Fund - Regular Plan - IDCW - Monthly...
2026-05-12 20:06:48,524  INFO  (49/100) DSP Savings Fund - Regular Plan - Growth...
2026-05-12 20:06:49,220  INFO  (50/100) DSP Savings Fund - Regular Plan - IDCW...
2026-05-12 20:06:49,944  INFO  (51/100) DSP Savings Fund - Regular Plan - IDCW - Monthly...
2026-05-12 20:06:50,664  INFO  (52/100) DSP BlackRock Technology.com   Fund - Regular Plan - Growth...
2026-05-12 20:06:51,351  INFO  (53/100) HDFC Balanced Advantage Fund - Growth Plan...
2026-05-12 20:06:52,070  INFO  (54/100) HDFC Balanced Advantage Fund - IDCW Plan...
2026-05-12 20:06:52,785  INFO  (55/100) HDFC Balanced Fund - Dividend Option...
2026-05-12 20:06:53,486  INFO  (56/100) HDFC Balanced Fund - Growth Option...
2026-05-12 20:06:54,160  INFO  (57/100) HDFC Income Fund - Quarterly IDCW Option...
2026-05-12 20:06:54,887  INFO  (58/100) HDFC Income Fund - Growth Option...
2026-05-12 20:06:55,634  INFO  (59/100) Principal Deposit Fund-Plan 54EA/EB-Plan 54EA /EB...
2026-05-12 20:06:56,310  INFO  (60/100) Principal Child Benefit Fund-Super Saver-Future Guard Plan...
2026-05-12 20:06:56,983  INFO  (61/100) Principal Retail Equity Savings Fund - Growth Option...
2026-05-12 20:06:57,642  INFO  (62/100) Principal Nifty 100 Equal Weight Fund-Income Distribution CU...
2026-05-12 20:06:58,396  INFO  (63/100) Principal Nifty 100 Equal Weight Fund-Growth...
2026-05-12 20:06:59,138  INFO  (64/100) Principal Equity Fund-Dividend...
2026-05-12 20:06:59,783  INFO  (65/100) Principal Equity Fund-Growth...
2026-05-12 20:07:00,428  INFO  (66/100) Principal Tax Savings Fund...
2026-05-12 20:07:01,161  INFO  (67/100) Quant Dynamic Bond-Dividend...
2026-05-12 20:07:01,862  INFO  (68/100) Quant Dynamic Bond-Growth...
2026-05-12 20:07:02,556  INFO  (69/100) Quant Dynamic Bond-Bonus...
2026-05-12 20:07:03,241  INFO  (70/100) quant ELSS Tax Saver Fund - IDCW Option - Regular Plan...
2026-05-12 20:07:03,962  INFO  (71/100) quant ELSS Tax Saver Fund - Growth Option - Regular Plan...
2026-05-12 20:07:04,684  INFO  (72/100) quant Small Cap Fund - IDCW Option - Regular Plan...
2026-05-12 20:07:05,514  INFO  (73/100) quant Small Cap Fund - Growth - Regular Plan...
2026-05-12 20:07:06,239  INFO  (74/100) ING Income Fund-Regular Plan -Dividend Option (Quarterly)...
2026-05-12 20:07:06,895  INFO  (75/100) ING Income Fund-Regular Plan -Dividend Option (Half Yearly)...
2026-05-12 20:07:07,548  INFO  (76/100) ING Income Fund- Regular Plan - Dividend Option (Annual)...
2026-05-12 20:07:08,226  INFO  (77/100) ING Income Fund-Regular Plan -Growth Option...
2026-05-12 20:07:08,896  INFO  (78/100) ING Income Fund-Institutional Plan - Dividend Option (Half Y...
2026-05-12 20:07:09,578  INFO  (79/100) ING Income Fund-Institutional Plan - Dividend Option (Quarte...
2026-05-12 20:07:10,230  INFO  (80/100) ING Income Fund-Institutional Plan -Dividend Option (Annual)...
2026-05-12 20:07:10,906  INFO  (81/100) ING Income Fund-Bonus Option...
2026-05-12 20:07:11,585  INFO  (82/100) ING Income Fund-Institutional Bonus Option...
2026-05-12 20:07:12,249  INFO  (83/100) ING Income Fund-Institutional Plan - Growth Option...
2026-05-12 20:07:12,941  INFO  (84/100) ING Core Equity Fund-Dividend Option...
2026-05-12 20:07:13,603  INFO  (85/100) ING Core Equity Fund-Growth Option...
2026-05-12 20:07:14,285  INFO  (86/100) ING Liquid Fund-Regular Growth Option...
2026-05-12 20:07:14,989  INFO  (87/100) ING Liquid Fund-Regular Weekly Dividend Option...
2026-05-12 20:07:15,674  INFO  (88/100) ING Liquid Fund-Regular Daily Dividend Option...
2026-05-12 20:07:16,367  INFO  (89/100) ING Liquid Fund-Auto Sweep Growth Option...
2026-05-12 20:07:17,038  INFO  (90/100) ING Liquid Fund-Auto Sweep Weekly Dividend Option...
2026-05-12 20:07:17,700  INFO  (91/100) ING Liquid Fund-Institutional Growth Option...
2026-05-12 20:07:18,428  INFO  (92/100) ING Liquid Fund-Institutional Weekly Dividend Option...
2026-05-12 20:07:19,117  INFO  (93/100) ING Liquid Fund-Institutional Daily Dividend Option...
2026-05-12 20:07:19,759  INFO  (94/100) ING Liquid Fund-Super Institutional Growth Option...
2026-05-12 20:07:20,476  INFO  (95/100) ING Liquid Fund-Super Institutional Daily Dividend Option...
2026-05-12 20:07:21,176  INFO  (96/100) ING Liquid Fund-Super Institutional Weekly Dividend Option...
2026-05-12 20:07:21,884  INFO  (97/100) ING Balanced Fund-Dividend Option...
2026-05-12 20:07:22,578  INFO  (98/100) ING Balanced Fund-Growth Option...
2026-05-12 20:07:23,332  INFO  (99/100) JM Large Cap Fund (Regular) - IDCW ...
2026-05-12 20:07:24,064  INFO  (100/100) JM Large Cap Fund (Regular) - Growth Option...
2026-05-12 20:07:24,845  INFO  Done. Inserted/updated 100 NAV records.
2026-05-12 20:07:24,845  INFO  =======================================================
2026-05-12 20:15:08,398  INFO  =======================================================
2026-05-12 20:15:08,398  INFO  Mutual Fund NAV Tracker (robust)
2026-05-12 20:15:09,395  INFO  Found 37595 schemes. Fetching NAVs for first 100...
2026-05-12 20:15:09,396  INFO  (1/100) Grindlays Super Saver Income Fund-GSSIF-Half Yearly Dividend...
2026-05-12 20:15:10,140  INFO  (2/100) Grindlays Super Saver Income Fund-GSSIF-Quaterly Dividend...
2026-05-12 20:15:10,769  INFO  (3/100) Grindlays Super Saver Income Fund-GSSIF-Growth...
2026-05-12 20:15:11,445  INFO  (4/100) Grindlays Super Saver Income Fund-GSSIF-Annual Dividend...
2026-05-12 20:15:12,135  INFO  (5/100) Grindlays Super Saver Income Fund-GSSIF - ST-Dividend...
2026-05-12 20:15:12,842  INFO  (6/100) Grindlays Super Saver Income Fund-GSSIF - ST-Growth...
2026-05-12 20:15:13,513  INFO  (7/100) Aditya Birla Sun Life Large & Mid Cap Fund - Regular Growth...
2026-05-12 20:15:14,622  INFO  (8/100) Aditya Birla Sun Life Large & Mid Cap Fund -Regular - IDCW...
2026-05-12 20:15:15,683  INFO  (9/100) Birla Sun Life Freedom Fund-Plan A (Dividend)...
2026-05-12 20:15:16,710  INFO  (10/100) Birla Sun Life Freedom Fund-Plan B (Growth)...
2026-05-12 20:15:17,672  INFO  (11/100) Aditya Birla Sun Life Income Fund - Regular - Quarterly IDCW...
2026-05-12 20:15:18,766  INFO  (12/100) Aditya Birla Sun Life Income Fund - Growth - Regular Plan...
2026-05-12 20:15:19,841  INFO  (13/100) Aditya Birla Sun Life Liquid Fund -Institutional - IDCW...
2026-05-12 20:15:21,178  INFO  (14/100) Aditya Birla Sun Life Liquid Fund-Retail (Growth)...
2026-05-12 20:15:22,254  INFO  (15/100) Aditya Birla Sun Life Liquid Fund-Institutional (Growth)...
2026-05-12 20:15:23,330  INFO  (16/100) Aditya Birla Sun Life Liquid Fund -Retail - IDCW...
2026-05-12 20:15:24,426  INFO  (17/100) Aditya Birla Sun Life Liquid Fund -Daily IDCW...
2026-05-12 20:15:25,495  INFO  (18/100) Aditya Birla Sun Life Liquid Fund - Growth...
2026-05-12 20:15:26,598  INFO  (19/100) Aditya Birla Sun Life Liquid Fund -Institutional - weekly  I...
2026-05-12 20:15:27,653  INFO  (20/100) Aditya Birla Sun Life Cash Plus-Institutional - Fortnightly ...
2026-05-12 20:15:28,647  INFO  (21/100) Aditya Birla Sun Life Liquid Fund -weekly IDCW...
2026-05-12 20:15:29,725  INFO  (22/100) Aditya Birla Sun Life Cash Plus-Institutional Premium - Fort...
2026-05-12 20:15:30,703  INFO  (23/100) Aditya Birla Sun Life Cash Plus-Institutional Premium Plan-M...
2026-05-12 20:15:31,697  INFO  (24/100) Aditya Birla Sun Life Gilt Plus - Liquid Plan - Quarterly Di...
2026-05-12 20:15:32,696  INFO  (25/100) Aditya Birla Sun Life Gilt Plus - Liquid Plan - Growth - Reg...
2026-05-12 20:15:33,694  INFO  (26/100) Aditya Birla Sun Life Gilt Plus - Liquid Plan - Annual Divid...
2026-05-12 20:15:34,729  INFO  (27/100) Aditya Birla Sun Life Govenment Securities Fund -Regular - Q...
2026-05-12 20:15:35,768  INFO  (28/100) Aditya Birla Sun Life Government Securities Fund  - Growth -...
2026-05-12 20:15:36,804  INFO  (29/100) Aditya Birla Sun Life Gilt Plus-PF Plan (Annual Dividend)...
2026-05-12 20:15:37,823  INFO  (30/100) Aditya Birla Sun Life Constant Maturity 10 Year Gilt Fund - ...
2026-05-12 20:15:38,916  INFO  (31/100) Aditya Birla Sun Life Constant Maturity 10 Year Gilt Fund - ...
2026-05-12 20:15:39,934  INFO  (32/100) Aditya Birla Sun Life Gilt Plus-Regular Plan (Annual Dividen...
2026-05-12 20:15:40,974  INFO  (33/100) Aditya Birla Sun Life MNC Fund - Regular - IDCW...
2026-05-12 20:15:42,029  INFO  (34/100) Aditya Birla Sun Life MNC Fund - Growth - Regular Plan...
2026-05-12 20:15:43,102  INFO  (35/100) Aditya Birla Sun Life India Opportunities Fund - Dividend - ...
2026-05-12 20:15:44,105  INFO  (36/100) Aditya Birla Sun Life India Opportunities Fund - Growth - Re...
2026-05-12 20:15:45,183  INFO  (37/100) Aditya Birla Sun Life Tax Plan -Regular - IDCW...
2026-05-12 20:15:46,289  INFO  (38/100) BARODA ELSS 96 - Plan A - IDCW...
2026-05-12 20:15:47,339  INFO  (39/100) BARODA PIONEER DIVERSIFIED FUND...
2026-05-12 20:15:48,343  INFO  (40/100) DSP Bond Fund - IDCW...
2026-05-12 20:15:49,407  INFO  (41/100) DSP Bond Fund - Growth...
2026-05-12 20:15:50,470  INFO  (42/100) DSP Bond Fund - IDCW - Monthly...
2026-05-12 20:15:51,563  INFO  (43/100) DSP Flexi Cap Fund - Regular Plan - IDCW...
2026-05-12 20:15:52,614  INFO  (44/100) DSP Aggressive Hybrid Fund- Regular Plan - Growth...
2026-05-12 20:15:53,657  INFO  (45/100) DSP Aggressive Hybrid Fund- Regular Plan - IDCW...
2026-05-12 20:15:54,707  INFO  (46/100) DSP Gilt Fund - Regular Plan - Growth...
2026-05-12 20:15:55,925  INFO  (47/100) DSP Gilt Fund - Regular Plan - IDCW...
2026-05-12 20:15:56,992  INFO  (48/100) DSP Gilt Fund - Regular Plan - IDCW - Monthly...
2026-05-12 20:15:58,038  INFO  (49/100) DSP Savings Fund - Regular Plan - Growth...
2026-05-12 20:15:59,131  INFO  (50/100) DSP Savings Fund - Regular Plan - IDCW...
2026-05-12 20:16:00,345  INFO  (51/100) DSP Savings Fund - Regular Plan - IDCW - Monthly...
2026-05-12 20:16:01,441  INFO  (52/100) DSP BlackRock Technology.com   Fund - Regular Plan - Growth...
2026-05-12 20:16:02,477  INFO  (53/100) HDFC Balanced Advantage Fund - Growth Plan...
2026-05-12 20:16:03,545  INFO  (54/100) HDFC Balanced Advantage Fund - IDCW Plan...
2026-05-12 20:16:04,615  INFO  (55/100) HDFC Balanced Fund - Dividend Option...
2026-05-12 20:16:05,653  INFO  (56/100) HDFC Balanced Fund - Growth Option...
2026-05-12 20:16:06,968  INFO  (57/100) HDFC Income Fund - Quarterly IDCW Option...
2026-05-12 20:16:08,010  INFO  (58/100) HDFC Income Fund - Growth Option...
2026-05-12 20:16:09,097  INFO  (59/100) Principal Deposit Fund-Plan 54EA/EB-Plan 54EA /EB...
2026-05-12 20:16:09,985  INFO  (60/100) Principal Child Benefit Fund-Super Saver-Future Guard Plan...
2026-05-12 20:16:10,631  INFO  (61/100) Principal Retail Equity Savings Fund - Growth Option...
2026-05-12 20:16:11,620  INFO  (62/100) Principal Nifty 100 Equal Weight Fund-Income Distribution CU...
2026-05-12 20:16:12,689  INFO  (63/100) Principal Nifty 100 Equal Weight Fund-Growth...
2026-05-12 20:16:13,768  INFO  (64/100) Principal Equity Fund-Dividend...
2026-05-12 20:16:14,788  INFO  (65/100) Principal Equity Fund-Growth...
2026-05-12 20:16:15,894  INFO  (66/100) Principal Tax Savings Fund...
2026-05-12 20:16:17,088  INFO  (67/100) Quant Dynamic Bond-Dividend...
2026-05-12 20:16:18,145  INFO  (68/100) Quant Dynamic Bond-Growth...
2026-05-12 20:16:19,181  INFO  (69/100) Quant Dynamic Bond-Bonus...
2026-05-12 20:16:20,221  INFO  (70/100) quant ELSS Tax Saver Fund - IDCW Option - Regular Plan...
2026-05-12 20:16:21,278  INFO  (71/100) quant ELSS Tax Saver Fund - Growth Option - Regular Plan...
2026-05-12 20:16:22,346  INFO  (72/100) quant Small Cap Fund - IDCW Option - Regular Plan...
2026-05-12 20:16:23,450  INFO  (73/100) quant Small Cap Fund - Growth - Regular Plan...
2026-05-12 20:16:24,567  INFO  (74/100) ING Income Fund-Regular Plan -Dividend Option (Quarterly)...
2026-05-12 20:16:25,581  INFO  (75/100) ING Income Fund-Regular Plan -Dividend Option (Half Yearly)...
2026-05-12 20:16:26,626  INFO  (76/100) ING Income Fund- Regular Plan - Dividend Option (Annual)...
2026-05-12 20:16:27,643  INFO  (77/100) ING Income Fund-Regular Plan -Growth Option...
2026-05-12 20:16:28,732  INFO  (78/100) ING Income Fund-Institutional Plan - Dividend Option (Half Y...
2026-05-12 20:16:29,800  INFO  (79/100) ING Income Fund-Institutional Plan - Dividend Option (Quarte...
2026-05-12 20:16:30,838  INFO  (80/100) ING Income Fund-Institutional Plan -Dividend Option (Annual)...
2026-05-12 20:16:31,886  INFO  (81/100) ING Income Fund-Bonus Option...
2026-05-12 20:16:32,884  INFO  (82/100) ING Income Fund-Institutional Bonus Option...
2026-05-12 20:16:34,038  INFO  (83/100) ING Income Fund-Institutional Plan - Growth Option...
2026-05-12 20:16:35,123  INFO  (84/100) ING Core Equity Fund-Dividend Option...
2026-05-12 20:16:36,245  INFO  (85/100) ING Core Equity Fund-Growth Option...
2026-05-12 20:16:37,265  INFO  (86/100) ING Liquid Fund-Regular Growth Option...
2026-05-12 20:16:38,299  INFO  (87/100) ING Liquid Fund-Regular Weekly Dividend Option...
2026-05-12 20:16:39,284  INFO  (88/100) ING Liquid Fund-Regular Daily Dividend Option...
2026-05-12 20:16:40,356  INFO  (89/100) ING Liquid Fund-Auto Sweep Growth Option...
2026-05-12 20:16:41,397  INFO  (90/100) ING Liquid Fund-Auto Sweep Weekly Dividend Option...
2026-05-12 20:16:42,394  INFO  (91/100) ING Liquid Fund-Institutional Growth Option...
2026-05-12 20:16:43,429  INFO  (92/100) ING Liquid Fund-Institutional Weekly Dividend Option...
2026-05-12 20:16:44,435  INFO  (93/100) ING Liquid Fund-Institutional Daily Dividend Option...
2026-05-12 20:16:45,444  INFO  (94/100) ING Liquid Fund-Super Institutional Growth Option...
2026-05-12 20:16:46,497  INFO  (95/100) ING Liquid Fund-Super Institutional Daily Dividend Option...
2026-05-12 20:16:47,534  INFO  (96/100) ING Liquid Fund-Super Institutional Weekly Dividend Option...
2026-05-12 20:16:48,573  INFO  (97/100) ING Balanced Fund-Dividend Option...
2026-05-12 20:16:49,587  INFO  (98/100) ING Balanced Fund-Growth Option...
2026-05-12 20:16:50,661  INFO  (99/100) JM Large Cap Fund (Regular) - IDCW ...
2026-05-12 20:16:51,732  INFO  (100/100) JM Large Cap Fund (Regular) - Growth Option...
2026-05-12 20:16:52,895  INFO  Done. Inserted/updated 100 NAV records.
2026-05-12 20:16:52,895  INFO  =======================================================
2026-05-12 20:48:43,191  INFO  =======================================================
2026-05-12 20:48:43,192  INFO  Mutual Fund NAV Tracker (robust)
2026-05-12 20:48:45,326  INFO  Found 37595 schemes. Fetching NAVs for first 100...
2026-05-12 20:48:45,326  INFO  (1/100) Grindlays Super Saver Income Fund-GSSIF-Half Yearly Dividend...
2026-05-12 20:48:46,280  INFO  (2/100) Grindlays Super Saver Income Fund-GSSIF-Quaterly Dividend...
2026-05-12 20:48:47,287  INFO  (3/100) Grindlays Super Saver Income Fund-GSSIF-Growth...
2026-05-12 20:48:48,269  INFO  (4/100) Grindlays Super Saver Income Fund-GSSIF-Annual Dividend...
2026-05-12 20:48:49,242  INFO  (5/100) Grindlays Super Saver Income Fund-GSSIF - ST-Dividend...
2026-05-12 20:48:50,230  INFO  (6/100) Grindlays Super Saver Income Fund-GSSIF - ST-Growth...
2026-05-12 20:48:51,235  INFO  (7/100) Aditya Birla Sun Life Large & Mid Cap Fund - Regular Growth...
2026-05-12 20:48:52,284  INFO  (8/100) Aditya Birla Sun Life Large & Mid Cap Fund -Regular - IDCW...
2026-05-12 20:48:53,349  INFO  (9/100) Birla Sun Life Freedom Fund-Plan A (Dividend)...
2026-05-12 20:48:54,316  INFO  (10/100) Birla Sun Life Freedom Fund-Plan B (Growth)...
2026-05-12 20:48:55,457  INFO  (11/100) Aditya Birla Sun Life Income Fund - Regular - Quarterly IDCW...
2026-05-12 20:48:56,617  INFO  (12/100) Aditya Birla Sun Life Income Fund - Growth - Regular Plan...
2026-05-12 20:48:57,678  INFO  (13/100) Aditya Birla Sun Life Liquid Fund -Institutional - IDCW...
2026-05-12 20:48:58,726  INFO  (14/100) Aditya Birla Sun Life Liquid Fund-Retail (Growth)...
2026-05-12 20:48:59,844  INFO  (15/100) Aditya Birla Sun Life Liquid Fund-Institutional (Growth)...
2026-05-12 20:49:00,926  INFO  (16/100) Aditya Birla Sun Life Liquid Fund -Retail - IDCW...
2026-05-12 20:49:01,984  INFO  (17/100) Aditya Birla Sun Life Liquid Fund -Daily IDCW...
2026-05-12 20:49:03,058  INFO  (18/100) Aditya Birla Sun Life Liquid Fund - Growth...
2026-05-12 20:49:04,140  INFO  (19/100) Aditya Birla Sun Life Liquid Fund -Institutional - weekly  I...
2026-05-12 20:49:05,252  INFO  (20/100) Aditya Birla Sun Life Cash Plus-Institutional - Fortnightly ...
2026-05-12 20:49:06,267  INFO  (21/100) Aditya Birla Sun Life Liquid Fund -weekly IDCW...
2026-05-12 20:49:08,370  INFO  (22/100) Aditya Birla Sun Life Cash Plus-Institutional Premium - Fort...
2026-05-12 20:49:09,361  INFO  (23/100) Aditya Birla Sun Life Cash Plus-Institutional Premium Plan-M...
2026-05-12 20:49:10,448  INFO  (24/100) Aditya Birla Sun Life Gilt Plus - Liquid Plan - Quarterly Di...
2026-05-12 20:49:11,491  INFO  (25/100) Aditya Birla Sun Life Gilt Plus - Liquid Plan - Growth - Reg...
2026-05-12 20:49:12,446  INFO  (26/100) Aditya Birla Sun Life Gilt Plus - Liquid Plan - Annual Divid...
2026-05-12 20:49:13,470  INFO  (27/100) Aditya Birla Sun Life Govenment Securities Fund -Regular - Q...
2026-05-12 20:49:14,506  INFO  (28/100) Aditya Birla Sun Life Government Securities Fund  - Growth -...
2026-05-12 20:49:15,546  INFO  (29/100) Aditya Birla Sun Life Gilt Plus-PF Plan (Annual Dividend)...
2026-05-12 20:49:16,551  INFO  (30/100) Aditya Birla Sun Life Constant Maturity 10 Year Gilt Fund - ...
2026-05-12 20:49:17,615  INFO  (31/100) Aditya Birla Sun Life Constant Maturity 10 Year Gilt Fund - ...
2026-05-12 20:49:18,736  INFO  (32/100) Aditya Birla Sun Life Gilt Plus-Regular Plan (Annual Dividen...
2026-05-12 20:49:19,876  INFO  (33/100) Aditya Birla Sun Life MNC Fund - Regular - IDCW...
2026-05-12 20:49:20,693  INFO  (34/100) Aditya Birla Sun Life MNC Fund - Growth - Regular Plan...
2026-05-12 20:49:21,390  INFO  (35/100) Aditya Birla Sun Life India Opportunities Fund - Dividend - ...
2026-05-12 20:49:22,077  INFO  (36/100) Aditya Birla Sun Life India Opportunities Fund - Growth - Re...
2026-05-12 20:49:22,779  INFO  (37/100) Aditya Birla Sun Life Tax Plan -Regular - IDCW...
2026-05-12 20:49:23,915  INFO  (38/100) BARODA ELSS 96 - Plan A - IDCW...
2026-05-12 20:49:24,951  INFO  (39/100) BARODA PIONEER DIVERSIFIED FUND...
2026-05-12 20:49:26,002  INFO  (40/100) DSP Bond Fund - IDCW...
2026-05-12 20:49:27,064  INFO  (41/100) DSP Bond Fund - Growth...
2026-05-12 20:49:28,303  INFO  (42/100) DSP Bond Fund - IDCW - Monthly...
2026-05-12 20:49:29,386  INFO  (43/100) DSP Flexi Cap Fund - Regular Plan - IDCW...
2026-05-12 20:49:30,425  INFO  (44/100) DSP Aggressive Hybrid Fund- Regular Plan - Growth...
2026-05-12 20:49:31,470  INFO  (45/100) DSP Aggressive Hybrid Fund- Regular Plan - IDCW...
2026-05-12 20:49:32,506  INFO  (46/100) DSP Gilt Fund - Regular Plan - Growth...
2026-05-12 20:49:33,540  INFO  (47/100) DSP Gilt Fund - Regular Plan - IDCW...
2026-05-12 20:49:34,593  INFO  (48/100) DSP Gilt Fund - Regular Plan - IDCW - Monthly...
2026-05-12 20:49:35,951  INFO  (49/100) DSP Savings Fund - Regular Plan - Growth...
2026-05-12 20:49:37,116  INFO  (50/100) DSP Savings Fund - Regular Plan - IDCW...
2026-05-12 20:49:38,172  INFO  (51/100) DSP Savings Fund - Regular Plan - IDCW - Monthly...
2026-05-12 20:49:39,300  INFO  (52/100) DSP BlackRock Technology.com   Fund - Regular Plan - Growth...
2026-05-12 20:49:40,338  INFO  (53/100) HDFC Balanced Advantage Fund - Growth Plan...
2026-05-12 20:49:41,371  INFO  (54/100) HDFC Balanced Advantage Fund - IDCW Plan...
2026-05-12 20:49:42,403  INFO  (55/100) HDFC Balanced Fund - Dividend Option...
2026-05-12 20:49:43,502  INFO  (56/100) HDFC Balanced Fund - Growth Option...
2026-05-12 20:49:44,558  INFO  (57/100) HDFC Income Fund - Quarterly IDCW Option...
2026-05-12 20:49:45,610  INFO  (58/100) HDFC Income Fund - Growth Option...
2026-05-12 20:49:46,708  INFO  (59/100) Principal Deposit Fund-Plan 54EA/EB-Plan 54EA /EB...
2026-05-12 20:49:47,682  INFO  (60/100) Principal Child Benefit Fund-Super Saver-Future Guard Plan...
2026-05-12 20:49:48,680  INFO  (61/100) Principal Retail Equity Savings Fund - Growth Option...
2026-05-12 20:49:49,709  INFO  (62/100) Principal Nifty 100 Equal Weight Fund-Income Distribution CU...
2026-05-12 20:49:50,799  INFO  (63/100) Principal Nifty 100 Equal Weight Fund-Growth...
2026-05-12 20:49:51,863  INFO  (64/100) Principal Equity Fund-Dividend...
2026-05-12 20:49:52,856  INFO  (65/100) Principal Equity Fund-Growth...
2026-05-12 20:49:53,863  INFO  (66/100) Principal Tax Savings Fund...
2026-05-12 20:49:54,933  INFO  (67/100) Quant Dynamic Bond-Dividend...
2026-05-12 20:49:55,993  INFO  (68/100) Quant Dynamic Bond-Growth...
2026-05-12 20:49:57,106  INFO  (69/100) Quant Dynamic Bond-Bonus...
2026-05-12 20:49:58,246  INFO  (70/100) quant ELSS Tax Saver Fund - IDCW Option - Regular Plan...
2026-05-12 20:49:59,378  INFO  (71/100) quant ELSS Tax Saver Fund - Growth Option - Regular Plan...
2026-05-12 20:50:00,516  INFO  (72/100) quant Small Cap Fund - IDCW Option - Regular Plan...
2026-05-12 20:50:01,689  INFO  (73/100) quant Small Cap Fund - Growth - Regular Plan...
2026-05-12 20:50:02,827  INFO  (74/100) ING Income Fund-Regular Plan -Dividend Option (Quarterly)...
2026-05-12 20:50:03,926  INFO  (75/100) ING Income Fund-Regular Plan -Dividend Option (Half Yearly)...
2026-05-12 20:50:05,042  INFO  (76/100) ING Income Fund- Regular Plan - Dividend Option (Annual)...
2026-05-12 20:50:06,099  INFO  (77/100) ING Income Fund-Regular Plan -Growth Option...
2026-05-12 20:50:07,117  INFO  (78/100) ING Income Fund-Institutional Plan - Dividend Option (Half Y...
2026-05-12 20:50:08,122  INFO  (79/100) ING Income Fund-Institutional Plan - Dividend Option (Quarte...
2026-05-12 20:50:09,210  INFO  (80/100) ING Income Fund-Institutional Plan -Dividend Option (Annual)...
2026-05-12 20:50:10,205  INFO  (81/100) ING Income Fund-Bonus Option...
2026-05-12 20:50:11,186  INFO  (82/100) ING Income Fund-Institutional Bonus Option...
2026-05-12 20:50:12,202  INFO  (83/100) ING Income Fund-Institutional Plan - Growth Option...
2026-05-12 20:50:13,212  INFO  (84/100) ING Core Equity Fund-Dividend Option...
2026-05-12 20:50:14,194  INFO  (85/100) ING Core Equity Fund-Growth Option...
2026-05-12 20:50:15,210  INFO  (86/100) ING Liquid Fund-Regular Growth Option...
2026-05-12 20:50:16,257  INFO  (87/100) ING Liquid Fund-Regular Weekly Dividend Option...
2026-05-12 20:50:17,254  INFO  (88/100) ING Liquid Fund-Regular Daily Dividend Option...
2026-05-12 20:50:18,273  INFO  (89/100) ING Liquid Fund-Auto Sweep Growth Option...
2026-05-12 20:50:19,257  INFO  (90/100) ING Liquid Fund-Auto Sweep Weekly Dividend Option...
2026-05-12 20:50:20,251  INFO  (91/100) ING Liquid Fund-Institutional Growth Option...
2026-05-12 20:50:21,306  INFO  (92/100) ING Liquid Fund-Institutional Weekly Dividend Option...
2026-05-12 20:50:22,362  INFO  (93/100) ING Liquid Fund-Institutional Daily Dividend Option...
2026-05-12 20:50:23,378  INFO  (94/100) ING Liquid Fund-Super Institutional Growth Option...
2026-05-12 20:50:24,469  INFO  (95/100) ING Liquid Fund-Super Institutional Daily Dividend Option...
2026-05-12 20:50:25,427  INFO  (96/100) ING Liquid Fund-Super Institutional Weekly Dividend Option...
2026-05-12 20:50:26,426  INFO  (97/100) ING Balanced Fund-Dividend Option...
2026-05-12 20:50:27,418  INFO  (98/100) ING Balanced Fund-Growth Option...
2026-05-12 20:50:28,459  INFO  (99/100) JM Large Cap Fund (Regular) - IDCW ...
2026-05-12 20:50:29,524  INFO  (100/100) JM Large Cap Fund (Regular) - Growth Option...
2026-05-12 20:50:30,597  INFO  Done. Inserted/updated 100 NAV records.
2026-05-12 20:50:30,597  INFO  =======================================================
2026-05-12 21:23:02,362  INFO  =======================================================
2026-05-12 21:23:02,373  INFO  Mutual Fund NAV Tracker (robust)
2026-05-12 21:23:03,457  INFO  Found 37595 schemes. Fetching NAVs for first 100...
2026-05-12 21:23:03,458  INFO  (1/100) Grindlays Super Saver Income Fund-GSSIF-Half Yearly Dividend...
2026-05-12 21:23:04,128  INFO  (2/100) Grindlays Super Saver Income Fund-GSSIF-Quaterly Dividend...
2026-05-12 21:23:04,773  INFO  (3/100) Grindlays Super Saver Income Fund-GSSIF-Growth...
2026-05-12 21:23:05,438  INFO  (4/100) Grindlays Super Saver Income Fund-GSSIF-Annual Dividend...
2026-05-12 21:23:06,213  INFO  (5/100) Grindlays Super Saver Income Fund-GSSIF - ST-Dividend...
2026-05-12 21:23:06,921  INFO  (6/100) Grindlays Super Saver Income Fund-GSSIF - ST-Growth...
2026-05-12 21:23:07,788  INFO  (7/100) Aditya Birla Sun Life Large & Mid Cap Fund - Regular Growth...
2026-05-12 21:23:08,552  INFO  (8/100) Aditya Birla Sun Life Large & Mid Cap Fund -Regular - IDCW...
2026-05-12 21:23:09,298  INFO  (9/100) Birla Sun Life Freedom Fund-Plan A (Dividend)...
2026-05-12 21:23:09,958  INFO  (10/100) Birla Sun Life Freedom Fund-Plan B (Growth)...
2026-05-12 21:23:10,712  INFO  (11/100) Aditya Birla Sun Life Income Fund - Regular - Quarterly IDCW...
2026-05-12 21:23:11,438  INFO  (12/100) Aditya Birla Sun Life Income Fund - Growth - Regular Plan...
2026-05-12 21:23:12,159  INFO  (13/100) Aditya Birla Sun Life Liquid Fund -Institutional - IDCW...
2026-05-12 21:23:12,890  INFO  (14/100) Aditya Birla Sun Life Liquid Fund-Retail (Growth)...
2026-05-12 21:23:13,624  INFO  (15/100) Aditya Birla Sun Life Liquid Fund-Institutional (Growth)...
2026-05-12 21:23:14,352  INFO  (16/100) Aditya Birla Sun Life Liquid Fund -Retail - IDCW...
2026-05-12 21:23:15,121  INFO  (17/100) Aditya Birla Sun Life Liquid Fund -Daily IDCW...
2026-05-12 21:23:15,871  INFO  (18/100) Aditya Birla Sun Life Liquid Fund - Growth...
2026-05-12 21:23:16,587  INFO  (19/100) Aditya Birla Sun Life Liquid Fund -Institutional - weekly  I...
2026-05-12 21:23:17,344  INFO  (20/100) Aditya Birla Sun Life Cash Plus-Institutional - Fortnightly ...
2026-05-12 21:23:18,000  INFO  (21/100) Aditya Birla Sun Life Liquid Fund -weekly IDCW...
2026-05-12 21:23:18,760  INFO  (22/100) Aditya Birla Sun Life Cash Plus-Institutional Premium - Fort...
2026-05-12 21:23:19,424  INFO  (23/100) Aditya Birla Sun Life Cash Plus-Institutional Premium Plan-M...
2026-05-12 21:23:20,199  INFO  (24/100) Aditya Birla Sun Life Gilt Plus - Liquid Plan - Quarterly Di...
2026-05-12 21:23:20,889  INFO  (25/100) Aditya Birla Sun Life Gilt Plus - Liquid Plan - Growth - Reg...
2026-05-12 21:23:21,530  INFO  (26/100) Aditya Birla Sun Life Gilt Plus - Liquid Plan - Annual Divid...
2026-05-12 21:23:22,218  INFO  (27/100) Aditya Birla Sun Life Govenment Securities Fund -Regular - Q...
2026-05-12 21:23:22,956  INFO  (28/100) Aditya Birla Sun Life Government Securities Fund  - Growth -...
2026-05-12 21:23:23,699  INFO  (29/100) Aditya Birla Sun Life Gilt Plus-PF Plan (Annual Dividend)...
2026-05-12 21:23:24,373  INFO  (30/100) Aditya Birla Sun Life Constant Maturity 10 Year Gilt Fund - ...
2026-05-12 21:23:25,228  INFO  (31/100) Aditya Birla Sun Life Constant Maturity 10 Year Gilt Fund - ...
2026-05-12 21:23:25,990  INFO  (32/100) Aditya Birla Sun Life Gilt Plus-Regular Plan (Annual Dividen...
2026-05-12 21:23:26,640  INFO  (33/100) Aditya Birla Sun Life MNC Fund - Regular - IDCW...
2026-05-12 21:23:27,382  INFO  (34/100) Aditya Birla Sun Life MNC Fund - Growth - Regular Plan...
2026-05-12 21:23:28,115  INFO  (35/100) Aditya Birla Sun Life India Opportunities Fund - Dividend - ...
2026-05-12 21:23:28,768  INFO  (36/100) Aditya Birla Sun Life India Opportunities Fund - Growth - Re...
2026-05-12 21:23:29,545  INFO  (37/100) Aditya Birla Sun Life Tax Plan -Regular - IDCW...
2026-05-12 21:23:30,300  INFO  (38/100) BARODA ELSS 96 - Plan A - IDCW...
2026-05-12 21:23:30,997  INFO  (39/100) BARODA PIONEER DIVERSIFIED FUND...
2026-05-12 21:23:31,651  INFO  (40/100) DSP Bond Fund - IDCW...
2026-05-12 21:23:32,365  INFO  (41/100) DSP Bond Fund - Growth...
2026-05-12 21:23:33,087  INFO  (42/100) DSP Bond Fund - IDCW - Monthly...
2026-05-12 21:23:33,815  INFO  (43/100) DSP Flexi Cap Fund - Regular Plan - IDCW...
2026-05-12 21:23:34,749  INFO  (44/100) DSP Aggressive Hybrid Fund- Regular Plan - Growth...
2026-05-12 21:23:35,445  INFO  (45/100) DSP Aggressive Hybrid Fund- Regular Plan - IDCW...
2026-05-12 21:23:36,151  INFO  (46/100) DSP Gilt Fund - Regular Plan - Growth...
2026-05-12 21:23:36,940  INFO  (47/100) DSP Gilt Fund - Regular Plan - IDCW...
2026-05-12 21:23:37,699  INFO  (48/100) DSP Gilt Fund - Regular Plan - IDCW - Monthly...
2026-05-12 21:23:38,425  INFO  (49/100) DSP Savings Fund - Regular Plan - Growth...
2026-05-12 21:23:39,143  INFO  (50/100) DSP Savings Fund - Regular Plan - IDCW...
2026-05-12 21:23:39,847  INFO  (51/100) DSP Savings Fund - Regular Plan - IDCW - Monthly...
2026-05-12 21:23:40,564  INFO  (52/100) DSP BlackRock Technology.com   Fund - Regular Plan - Growth...
2026-05-12 21:23:41,307  INFO  (53/100) HDFC Balanced Advantage Fund - Growth Plan...
2026-05-12 21:23:42,030  INFO  (54/100) HDFC Balanced Advantage Fund - IDCW Plan...
2026-05-12 21:23:42,799  INFO  (55/100) HDFC Balanced Fund - Dividend Option...
2026-05-12 21:23:43,518  INFO  (56/100) HDFC Balanced Fund - Growth Option...
2026-05-12 21:23:44,374  INFO  (57/100) HDFC Income Fund - Quarterly IDCW Option...
2026-05-12 21:23:45,176  INFO  (58/100) HDFC Income Fund - Growth Option...
2026-05-12 21:23:45,905  INFO  (59/100) Principal Deposit Fund-Plan 54EA/EB-Plan 54EA /EB...
2026-05-12 21:23:46,567  INFO  (60/100) Principal Child Benefit Fund-Super Saver-Future Guard Plan...
2026-05-12 21:23:47,219  INFO  (61/100) Principal Retail Equity Savings Fund - Growth Option...
2026-05-12 21:23:47,926  INFO  (62/100) Principal Nifty 100 Equal Weight Fund-Income Distribution CU...
2026-05-12 21:23:48,709  INFO  (63/100) Principal Nifty 100 Equal Weight Fund-Growth...
2026-05-12 21:23:49,411  INFO  (64/100) Principal Equity Fund-Dividend...
2026-05-12 21:23:50,063  INFO  (65/100) Principal Equity Fund-Growth...
2026-05-12 21:23:50,870  INFO  (66/100) Principal Tax Savings Fund...
2026-05-12 21:23:51,841  INFO  (67/100) Quant Dynamic Bond-Dividend...
2026-05-12 21:23:52,556  INFO  (68/100) Quant Dynamic Bond-Growth...
2026-05-12 21:23:53,255  INFO  (69/100) Quant Dynamic Bond-Bonus...
2026-05-12 21:23:53,976  INFO  (70/100) quant ELSS Tax Saver Fund - IDCW Option - Regular Plan...
2026-05-12 21:23:54,772  INFO  (71/100) quant ELSS Tax Saver Fund - Growth Option - Regular Plan...
2026-05-12 21:23:55,741  INFO  (72/100) quant Small Cap Fund - IDCW Option - Regular Plan...
2026-05-12 21:23:56,559  INFO  (73/100) quant Small Cap Fund - Growth - Regular Plan...
2026-05-12 21:23:57,387  INFO  (74/100) ING Income Fund-Regular Plan -Dividend Option (Quarterly)...
2026-05-12 21:23:58,198  INFO  (75/100) ING Income Fund-Regular Plan -Dividend Option (Half Yearly)...
2026-05-12 21:23:58,922  INFO  (76/100) ING Income Fund- Regular Plan - Dividend Option (Annual)...
2026-05-12 21:23:59,650  INFO  (77/100) ING Income Fund-Regular Plan -Growth Option...
2026-05-12 21:24:00,315  INFO  (78/100) ING Income Fund-Institutional Plan - Dividend Option (Half Y...
2026-05-12 21:24:00,963  INFO  (79/100) ING Income Fund-Institutional Plan - Dividend Option (Quarte...
2026-05-12 21:24:01,658  INFO  (80/100) ING Income Fund-Institutional Plan -Dividend Option (Annual)...
2026-05-12 21:24:02,462  INFO  (81/100) ING Income Fund-Bonus Option...
2026-05-12 21:24:03,169  INFO  (82/100) ING Income Fund-Institutional Bonus Option...
2026-05-12 21:24:03,829  INFO  (83/100) ING Income Fund-Institutional Plan - Growth Option...
2026-05-12 21:24:04,509  INFO  (84/100) ING Core Equity Fund-Dividend Option...
2026-05-12 21:24:05,165  INFO  (85/100) ING Core Equity Fund-Growth Option...
2026-05-12 21:24:05,843  INFO  (86/100) ING Liquid Fund-Regular Growth Option...
2026-05-12 21:24:06,530  INFO  (87/100) ING Liquid Fund-Regular Weekly Dividend Option...
2026-05-12 21:24:07,254  INFO  (88/100) ING Liquid Fund-Regular Daily Dividend Option...
2026-05-12 21:24:07,930  INFO  (89/100) ING Liquid Fund-Auto Sweep Growth Option...
2026-05-12 21:24:08,584  INFO  (90/100) ING Liquid Fund-Auto Sweep Weekly Dividend Option...
2026-05-12 21:24:09,399  INFO  (91/100) ING Liquid Fund-Institutional Growth Option...
2026-05-12 21:24:10,198  INFO  (92/100) ING Liquid Fund-Institutional Weekly Dividend Option...
2026-05-12 21:24:10,917  INFO  (93/100) ING Liquid Fund-Institutional Daily Dividend Option...
2026-05-12 21:24:11,580  INFO  (94/100) ING Liquid Fund-Super Institutional Growth Option...
2026-05-12 21:24:12,265  INFO  (95/100) ING Liquid Fund-Super Institutional Daily Dividend Option...
2026-05-12 21:24:13,007  INFO  (96/100) ING Liquid Fund-Super Institutional Weekly Dividend Option...
2026-05-12 21:24:13,750  INFO  (97/100) ING Balanced Fund-Dividend Option...
2026-05-12 21:24:14,408  INFO  (98/100) ING Balanced Fund-Growth Option...
2026-05-12 21:24:15,061  INFO  (99/100) JM Large Cap Fund (Regular) - IDCW ...
2026-05-12 21:24:15,766  INFO  (100/100) JM Large Cap Fund (Regular) - Growth Option...
2026-05-12 21:24:16,789  INFO  Done. Inserted/updated 100 NAV records.
2026-05-12 21:24:16,789  INFO  =======================================================
2026-05-12 21:40:55,638  INFO  =======================================================
2026-05-12 21:40:55,639  INFO  Mutual Fund NAV Tracker (robust)
2026-05-12 21:40:56,513  INFO  Found 37595 schemes. Fetching NAVs for first 100...
2026-05-12 21:40:56,513  INFO  (1/100) Grindlays Super Saver Income Fund-GSSIF-Half Yearly Dividend...
2026-05-12 21:40:57,036  INFO  (2/100) Grindlays Super Saver Income Fund-GSSIF-Quaterly Dividend...
2026-05-12 21:40:57,616  INFO  (3/100) Grindlays Super Saver Income Fund-GSSIF-Growth...
2026-05-12 21:40:58,244  INFO  (4/100) Grindlays Super Saver Income Fund-GSSIF-Annual Dividend...
2026-05-12 21:40:58,892  INFO  (5/100) Grindlays Super Saver Income Fund-GSSIF - ST-Dividend...
2026-05-12 21:40:59,427  INFO  (6/100) Grindlays Super Saver Income Fund-GSSIF - ST-Growth...
2026-05-12 21:40:59,940  INFO  (7/100) Aditya Birla Sun Life Large & Mid Cap Fund - Regular Growth...
2026-05-12 21:41:00,526  INFO  (8/100) Aditya Birla Sun Life Large & Mid Cap Fund -Regular - IDCW...
2026-05-12 21:41:01,111  INFO  (9/100) Birla Sun Life Freedom Fund-Plan A (Dividend)...
2026-05-12 21:41:01,604  INFO  (10/100) Birla Sun Life Freedom Fund-Plan B (Growth)...
2026-05-12 21:41:02,103  INFO  (11/100) Aditya Birla Sun Life Income Fund - Regular - Quarterly IDCW...
2026-05-12 21:41:02,676  INFO  (12/100) Aditya Birla Sun Life Income Fund - Growth - Regular Plan...
2026-05-12 21:41:03,244  INFO  (13/100) Aditya Birla Sun Life Liquid Fund -Institutional - IDCW...
2026-05-12 21:41:03,838  INFO  (14/100) Aditya Birla Sun Life Liquid Fund-Retail (Growth)...
2026-05-12 21:41:04,395  INFO  (15/100) Aditya Birla Sun Life Liquid Fund-Institutional (Growth)...
2026-05-12 21:41:04,986  INFO  (16/100) Aditya Birla Sun Life Liquid Fund -Retail - IDCW...
2026-05-12 21:41:05,587  INFO  (17/100) Aditya Birla Sun Life Liquid Fund -Daily IDCW...
2026-05-12 21:41:06,169  INFO  (18/100) Aditya Birla Sun Life Liquid Fund - Growth...
2026-05-12 21:41:06,750  INFO  (19/100) Aditya Birla Sun Life Liquid Fund -Institutional - weekly  I...
2026-05-12 21:41:07,343  INFO  (20/100) Aditya Birla Sun Life Cash Plus-Institutional - Fortnightly ...
2026-05-12 21:41:07,854  INFO  (21/100) Aditya Birla Sun Life Liquid Fund -weekly IDCW...
2026-05-12 21:41:08,443  INFO  (22/100) Aditya Birla Sun Life Cash Plus-Institutional Premium - Fort...
2026-05-12 21:41:08,955  INFO  (23/100) Aditya Birla Sun Life Cash Plus-Institutional Premium Plan-M...
2026-05-12 21:41:09,446  INFO  (24/100) Aditya Birla Sun Life Gilt Plus - Liquid Plan - Quarterly Di...
2026-05-12 21:41:09,950  INFO  (25/100) Aditya Birla Sun Life Gilt Plus - Liquid Plan - Growth - Reg...
2026-05-12 21:41:10,455  INFO  (26/100) Aditya Birla Sun Life Gilt Plus - Liquid Plan - Annual Divid...
2026-05-12 21:41:11,041  INFO  (27/100) Aditya Birla Sun Life Govenment Securities Fund -Regular - Q...
2026-05-12 21:41:11,614  INFO  (28/100) Aditya Birla Sun Life Government Securities Fund  - Growth -...
2026-05-12 21:41:12,195  INFO  (29/100) Aditya Birla Sun Life Gilt Plus-PF Plan (Annual Dividend)...
2026-05-12 21:41:12,698  INFO  (30/100) Aditya Birla Sun Life Constant Maturity 10 Year Gilt Fund - ...
2026-05-12 21:41:13,233  INFO  (31/100) Aditya Birla Sun Life Constant Maturity 10 Year Gilt Fund - ...
2026-05-12 21:41:13,793  INFO  (32/100) Aditya Birla Sun Life Gilt Plus-Regular Plan (Annual Dividen...
2026-05-12 21:41:14,283  INFO  (33/100) Aditya Birla Sun Life MNC Fund - Regular - IDCW...
2026-05-12 21:41:14,863  INFO  (34/100) Aditya Birla Sun Life MNC Fund - Growth - Regular Plan...
2026-05-12 21:41:15,452  INFO  (35/100) Aditya Birla Sun Life India Opportunities Fund - Dividend - ...
2026-05-12 21:41:15,989  INFO  (36/100) Aditya Birla Sun Life India Opportunities Fund - Growth - Re...
2026-05-12 21:41:16,536  INFO  (37/100) Aditya Birla Sun Life Tax Plan -Regular - IDCW...
2026-05-12 21:41:17,087  INFO  (38/100) BARODA ELSS 96 - Plan A - IDCW...
2026-05-12 21:41:17,644  INFO  (39/100) BARODA PIONEER DIVERSIFIED FUND...
2026-05-12 21:41:18,149  INFO  (40/100) DSP Bond Fund - IDCW...
2026-05-12 21:41:18,695  INFO  (41/100) DSP Bond Fund - Growth...
2026-05-12 21:41:19,280  INFO  (42/100) DSP Bond Fund - IDCW - Monthly...
2026-05-12 21:41:19,883  INFO  (43/100) DSP Flexi Cap Fund - Regular Plan - IDCW...
2026-05-12 21:41:20,459  INFO  (44/100) DSP Aggressive Hybrid Fund- Regular Plan - Growth...
2026-05-12 21:41:21,023  INFO  (45/100) DSP Aggressive Hybrid Fund- Regular Plan - IDCW...
2026-05-12 21:41:21,602  INFO  (46/100) DSP Gilt Fund - Regular Plan - Growth...
2026-05-12 21:41:22,179  INFO  (47/100) DSP Gilt Fund - Regular Plan - IDCW...
2026-05-12 21:41:22,721  INFO  (48/100) DSP Gilt Fund - Regular Plan - IDCW - Monthly...
2026-05-12 21:41:23,296  INFO  (49/100) DSP Savings Fund - Regular Plan - Growth...
2026-05-12 21:41:23,892  INFO  (50/100) DSP Savings Fund - Regular Plan - IDCW...
2026-05-12 21:41:24,634  INFO  (51/100) DSP Savings Fund - Regular Plan - IDCW - Monthly...
2026-05-12 21:41:25,325  INFO  (52/100) DSP BlackRock Technology.com   Fund - Regular Plan - Growth...
2026-05-12 21:41:25,984  INFO  (53/100) HDFC Balanced Advantage Fund - Growth Plan...
2026-05-12 21:41:26,652  INFO  (54/100) HDFC Balanced Advantage Fund - IDCW Plan...
2026-05-12 21:41:27,301  INFO  (55/100) HDFC Balanced Fund - Dividend Option...
2026-05-12 21:41:27,929  INFO  (56/100) HDFC Balanced Fund - Growth Option...
2026-05-12 21:41:28,601  INFO  (57/100) HDFC Income Fund - Quarterly IDCW Option...
2026-05-12 21:41:29,268  INFO  (58/100) HDFC Income Fund - Growth Option...
2026-05-12 21:41:29,940  INFO  (59/100) Principal Deposit Fund-Plan 54EA/EB-Plan 54EA /EB...
2026-05-12 21:41:30,609  INFO  (60/100) Principal Child Benefit Fund-Super Saver-Future Guard Plan...
2026-05-12 21:41:31,322  INFO  (61/100) Principal Retail Equity Savings Fund - Growth Option...
2026-05-12 21:41:31,960  INFO  (62/100) Principal Nifty 100 Equal Weight Fund-Income Distribution CU...
2026-05-12 21:41:32,619  INFO  (63/100) Principal Nifty 100 Equal Weight Fund-Growth...
2026-05-12 21:41:33,506  INFO  (64/100) Principal Equity Fund-Dividend...
2026-05-12 21:41:34,128  INFO  (65/100) Principal Equity Fund-Growth...
2026-05-12 21:41:34,797  INFO  (66/100) Principal Tax Savings Fund...
2026-05-12 21:41:35,463  INFO  (67/100) Quant Dynamic Bond-Dividend...
2026-05-12 21:41:36,101  INFO  (68/100) Quant Dynamic Bond-Growth...
2026-05-12 21:41:36,840  INFO  (69/100) Quant Dynamic Bond-Bonus...
2026-05-12 21:41:37,554  INFO  (70/100) quant ELSS Tax Saver Fund - IDCW Option - Regular Plan...
2026-05-12 21:41:38,250  INFO  (71/100) quant ELSS Tax Saver Fund - Growth Option - Regular Plan...
2026-05-12 21:41:38,927  INFO  (72/100) quant Small Cap Fund - IDCW Option - Regular Plan...
2026-05-12 21:41:39,593  INFO  (73/100) quant Small Cap Fund - Growth - Regular Plan...
2026-05-12 21:41:40,287  INFO  (74/100) ING Income Fund-Regular Plan -Dividend Option (Quarterly)...
2026-05-12 21:41:40,976  INFO  (75/100) ING Income Fund-Regular Plan -Dividend Option (Half Yearly)...
2026-05-12 21:41:41,569  INFO  (76/100) ING Income Fund- Regular Plan - Dividend Option (Annual)...
2026-05-12 21:41:42,179  INFO  (77/100) ING Income Fund-Regular Plan -Growth Option...
2026-05-12 21:41:42,862  INFO  (78/100) ING Income Fund-Institutional Plan - Dividend Option (Half Y...
2026-05-12 21:41:43,481  INFO  (79/100) ING Income Fund-Institutional Plan - Dividend Option (Quarte...
2026-05-12 21:41:44,126  INFO  (80/100) ING Income Fund-Institutional Plan -Dividend Option (Annual)...
2026-05-12 21:41:44,966  INFO  (81/100) ING Income Fund-Bonus Option...
2026-05-12 21:41:45,580  INFO  (82/100) ING Income Fund-Institutional Bonus Option...
2026-05-12 21:41:46,212  INFO  (83/100) ING Income Fund-Institutional Plan - Growth Option...
2026-05-12 21:41:46,837  INFO  (84/100) ING Core Equity Fund-Dividend Option...
2026-05-12 21:41:47,483  INFO  (85/100) ING Core Equity Fund-Growth Option...
2026-05-12 21:41:48,128  INFO  (86/100) ING Liquid Fund-Regular Growth Option...
2026-05-12 21:41:48,792  INFO  (87/100) ING Liquid Fund-Regular Weekly Dividend Option...
2026-05-12 21:41:49,430  INFO  (88/100) ING Liquid Fund-Regular Daily Dividend Option...
2026-05-12 21:41:50,045  INFO  (89/100) ING Liquid Fund-Auto Sweep Growth Option...
2026-05-12 21:41:50,657  INFO  (90/100) ING Liquid Fund-Auto Sweep Weekly Dividend Option...
2026-05-12 21:41:51,262  INFO  (91/100) ING Liquid Fund-Institutional Growth Option...
2026-05-12 21:41:51,925  INFO  (92/100) ING Liquid Fund-Institutional Weekly Dividend Option...
2026-05-12 21:41:52,554  INFO  (93/100) ING Liquid Fund-Institutional Daily Dividend Option...
2026-05-12 21:41:53,187  INFO  (94/100) ING Liquid Fund-Super Institutional Growth Option...
2026-05-12 21:41:53,836  INFO  (95/100) ING Liquid Fund-Super Institutional Daily Dividend Option...
2026-05-12 21:41:54,462  INFO  (96/100) ING Liquid Fund-Super Institutional Weekly Dividend Option...
2026-05-12 21:41:55,077  INFO  (97/100) ING Balanced Fund-Dividend Option...
2026-05-12 21:41:55,715  INFO  (98/100) ING Balanced Fund-Growth Option...
2026-05-12 21:41:56,364  INFO  (99/100) JM Large Cap Fund (Regular) - IDCW ...
2026-05-12 21:41:57,050  INFO  (100/100) JM Large Cap Fund (Regular) - Growth Option...
2026-05-12 21:41:57,723  INFO  Done. Inserted/updated 100 NAV records.
2026-05-12 21:41:57,724  INFO  =======================================================
2026-05-12 23:31:41,741  INFO  =======================================================
2026-05-12 23:31:41,742  INFO  Mutual Fund NAV Tracker (robust)
2026-05-12 23:31:42,687  INFO  Found 37595 schemes. Fetching NAVs for first 100...
2026-05-12 23:31:42,687  INFO  (1/100) Grindlays Super Saver Income Fund-GSSIF-Half Yearly Dividend...
2026-05-12 23:31:43,417  INFO  (2/100) Grindlays Super Saver Income Fund-GSSIF-Quaterly Dividend...
2026-05-12 23:31:44,040  INFO  (3/100) Grindlays Super Saver Income Fund-GSSIF-Growth...
2026-05-12 23:31:44,693  INFO  (4/100) Grindlays Super Saver Income Fund-GSSIF-Annual Dividend...
2026-05-12 23:31:45,357  INFO  (5/100) Grindlays Super Saver Income Fund-GSSIF - ST-Dividend...
2026-05-12 23:31:46,102  INFO  (6/100) Grindlays Super Saver Income Fund-GSSIF - ST-Growth...
2026-05-12 23:31:46,789  INFO  (7/100) Aditya Birla Sun Life Large & Mid Cap Fund - Regular Growth...
2026-05-12 23:31:47,550  INFO  (8/100) Aditya Birla Sun Life Large & Mid Cap Fund -Regular - IDCW...
2026-05-12 23:31:48,292  INFO  (9/100) Birla Sun Life Freedom Fund-Plan A (Dividend)...
2026-05-12 23:31:48,950  INFO  (10/100) Birla Sun Life Freedom Fund-Plan B (Growth)...
2026-05-12 23:31:49,759  INFO  (11/100) Aditya Birla Sun Life Income Fund - Regular - Quarterly IDCW...
2026-05-12 23:31:50,611  INFO  (12/100) Aditya Birla Sun Life Income Fund - Growth - Regular Plan...
2026-05-12 23:31:51,351  INFO  (13/100) Aditya Birla Sun Life Liquid Fund -Institutional - IDCW...
2026-05-12 23:31:52,077  INFO  (14/100) Aditya Birla Sun Life Liquid Fund-Retail (Growth)...
2026-05-12 23:31:52,793  INFO  (15/100) Aditya Birla Sun Life Liquid Fund-Institutional (Growth)...
2026-05-12 23:31:53,529  INFO  (16/100) Aditya Birla Sun Life Liquid Fund -Retail - IDCW...
2026-05-12 23:31:54,350  INFO  (17/100) Aditya Birla Sun Life Liquid Fund -Daily IDCW...
2026-05-12 23:31:55,101  INFO  (18/100) Aditya Birla Sun Life Liquid Fund - Growth...
2026-05-12 23:31:55,813  INFO  (19/100) Aditya Birla Sun Life Liquid Fund -Institutional - weekly  I...
2026-05-12 23:31:56,540  INFO  (20/100) Aditya Birla Sun Life Cash Plus-Institutional - Fortnightly ...
2026-05-12 23:31:57,306  INFO  (21/100) Aditya Birla Sun Life Liquid Fund -weekly IDCW...
2026-05-12 23:31:58,012  INFO  (22/100) Aditya Birla Sun Life Cash Plus-Institutional Premium - Fort...
2026-05-12 23:31:58,691  INFO  (23/100) Aditya Birla Sun Life Cash Plus-Institutional Premium Plan-M...
2026-05-12 23:31:59,353  INFO  (24/100) Aditya Birla Sun Life Gilt Plus - Liquid Plan - Quarterly Di...
2026-05-12 23:32:00,009  INFO  (25/100) Aditya Birla Sun Life Gilt Plus - Liquid Plan - Growth - Reg...
2026-05-12 23:32:00,755  INFO  (26/100) Aditya Birla Sun Life Gilt Plus - Liquid Plan - Annual Divid...
2026-05-12 23:32:01,438  INFO  (27/100) Aditya Birla Sun Life Govenment Securities Fund -Regular - Q...
2026-05-12 23:32:02,169  INFO  (28/100) Aditya Birla Sun Life Government Securities Fund  - Growth -...
2026-05-12 23:32:03,011  INFO  (29/100) Aditya Birla Sun Life Gilt Plus-PF Plan (Annual Dividend)...
2026-05-12 23:32:04,364  INFO  (30/100) Aditya Birla Sun Life Constant Maturity 10 Year Gilt Fund - ...
2026-05-12 23:32:05,170  INFO  (31/100) Aditya Birla Sun Life Constant Maturity 10 Year Gilt Fund - ...
2026-05-12 23:32:05,871  INFO  (32/100) Aditya Birla Sun Life Gilt Plus-Regular Plan (Annual Dividen...
2026-05-12 23:32:06,519  INFO  (33/100) Aditya Birla Sun Life MNC Fund - Regular - IDCW...
2026-05-12 23:32:07,220  INFO  (34/100) Aditya Birla Sun Life MNC Fund - Growth - Regular Plan...
2026-05-12 23:32:07,934  INFO  (35/100) Aditya Birla Sun Life India Opportunities Fund - Dividend - ...
2026-05-12 23:32:08,605  INFO  (36/100) Aditya Birla Sun Life India Opportunities Fund - Growth - Re...
2026-05-12 23:32:09,304  INFO  (37/100) Aditya Birla Sun Life Tax Plan -Regular - IDCW...
2026-05-12 23:32:10,013  INFO  (38/100) BARODA ELSS 96 - Plan A - IDCW...
2026-05-12 23:32:10,706  INFO  (39/100) BARODA PIONEER DIVERSIFIED FUND...
2026-05-12 23:32:11,352  INFO  (40/100) DSP Bond Fund - IDCW...
2026-05-12 23:32:12,233  INFO  (41/100) DSP Bond Fund - Growth...
2026-05-12 23:32:13,122  INFO  (42/100) DSP Bond Fund - IDCW - Monthly...
2026-05-12 23:32:13,893  INFO  (43/100) DSP Flexi Cap Fund - Regular Plan - IDCW...
2026-05-12 23:32:14,616  INFO  (44/100) DSP Aggressive Hybrid Fund- Regular Plan - Growth...
2026-05-12 23:32:15,469  INFO  (45/100) DSP Aggressive Hybrid Fund- Regular Plan - IDCW...
2026-05-12 23:32:16,616  INFO  (46/100) DSP Gilt Fund - Regular Plan - Growth...
2026-05-12 23:32:17,570  INFO  (47/100) DSP Gilt Fund - Regular Plan - IDCW...
2026-05-12 23:32:18,394  INFO  (48/100) DSP Gilt Fund - Regular Plan - IDCW - Monthly...
2026-05-12 23:32:19,265  INFO  (49/100) DSP Savings Fund - Regular Plan - Growth...
2026-05-12 23:32:20,003  INFO  (50/100) DSP Savings Fund - Regular Plan - IDCW...
2026-05-12 23:32:20,764  INFO  (51/100) DSP Savings Fund - Regular Plan - IDCW - Monthly...
2026-05-12 23:32:21,468  INFO  (52/100) DSP BlackRock Technology.com   Fund - Regular Plan - Growth...
2026-05-12 23:32:22,248  INFO  (53/100) HDFC Balanced Advantage Fund - Growth Plan...
2026-05-12 23:32:23,075  INFO  (54/100) HDFC Balanced Advantage Fund - IDCW Plan...
2026-05-12 23:32:23,755  INFO  (55/100) HDFC Balanced Fund - Dividend Option...
2026-05-12 23:32:24,679  INFO  (56/100) HDFC Balanced Fund - Growth Option...
2026-05-12 23:32:25,407  INFO  (57/100) HDFC Income Fund - Quarterly IDCW Option...
2026-05-12 23:32:26,101  INFO  (58/100) HDFC Income Fund - Growth Option...
2026-05-12 23:32:26,800  INFO  (59/100) Principal Deposit Fund-Plan 54EA/EB-Plan 54EA /EB...
2026-05-12 23:32:27,583  INFO  (60/100) Principal Child Benefit Fund-Super Saver-Future Guard Plan...
2026-05-12 23:32:28,283  INFO  (61/100) Principal Retail Equity Savings Fund - Growth Option...
2026-05-12 23:32:28,975  INFO  (62/100) Principal Nifty 100 Equal Weight Fund-Income Distribution CU...
2026-05-12 23:32:29,662  INFO  (63/100) Principal Nifty 100 Equal Weight Fund-Growth...
2026-05-12 23:32:30,357  INFO  (64/100) Principal Equity Fund-Dividend...
2026-05-12 23:32:30,978  INFO  (65/100) Principal Equity Fund-Growth...
2026-05-12 23:32:31,820  INFO  (66/100) Principal Tax Savings Fund...
2026-05-12 23:32:32,518  INFO  (67/100) Quant Dynamic Bond-Dividend...
2026-05-12 23:32:33,195  INFO  (68/100) Quant Dynamic Bond-Growth...
2026-05-12 23:32:33,894  INFO  (69/100) Quant Dynamic Bond-Bonus...
2026-05-12 23:32:34,616  INFO  (70/100) quant ELSS Tax Saver Fund - IDCW Option - Regular Plan...
2026-05-12 23:32:35,338  INFO  (71/100) quant ELSS Tax Saver Fund - Growth Option - Regular Plan...
2026-05-12 23:32:36,041  INFO  (72/100) quant Small Cap Fund - IDCW Option - Regular Plan...
2026-05-12 23:32:36,740  INFO  (73/100) quant Small Cap Fund - Growth - Regular Plan...
2026-05-12 23:32:37,451  INFO  (74/100) ING Income Fund-Regular Plan -Dividend Option (Quarterly)...
2026-05-12 23:32:38,113  INFO  (75/100) ING Income Fund-Regular Plan -Dividend Option (Half Yearly)...
2026-05-12 23:32:38,772  INFO  (76/100) ING Income Fund- Regular Plan - Dividend Option (Annual)...
2026-05-12 23:32:39,441  INFO  (77/100) ING Income Fund-Regular Plan -Growth Option...
2026-05-12 23:32:40,130  INFO  (78/100) ING Income Fund-Institutional Plan - Dividend Option (Half Y...
2026-05-12 23:32:40,931  INFO  (79/100) ING Income Fund-Institutional Plan - Dividend Option (Quarte...
2026-05-12 23:32:41,666  INFO  (80/100) ING Income Fund-Institutional Plan -Dividend Option (Annual)...
2026-05-12 23:32:42,522  INFO  (81/100) ING Income Fund-Bonus Option...
2026-05-12 23:32:43,833  INFO  (82/100) ING Income Fund-Institutional Bonus Option...
2026-05-12 23:32:44,547  INFO  (83/100) ING Income Fund-Institutional Plan - Growth Option...
2026-05-12 23:32:45,228  INFO  (84/100) ING Core Equity Fund-Dividend Option...
2026-05-12 23:32:45,955  INFO  (85/100) ING Core Equity Fund-Growth Option...
2026-05-12 23:32:46,612  INFO  (86/100) ING Liquid Fund-Regular Growth Option...
2026-05-12 23:32:47,300  INFO  (87/100) ING Liquid Fund-Regular Weekly Dividend Option...
2026-05-12 23:32:47,951  INFO  (88/100) ING Liquid Fund-Regular Daily Dividend Option...
2026-05-12 23:32:48,618  INFO  (89/100) ING Liquid Fund-Auto Sweep Growth Option...
2026-05-12 23:32:49,321  INFO  (90/100) ING Liquid Fund-Auto Sweep Weekly Dividend Option...
2026-05-12 23:32:49,977  INFO  (91/100) ING Liquid Fund-Institutional Growth Option...
2026-05-12 23:32:50,663  INFO  (92/100) ING Liquid Fund-Institutional Weekly Dividend Option...
2026-05-12 23:32:51,526  INFO  (93/100) ING Liquid Fund-Institutional Daily Dividend Option...
2026-05-12 23:32:52,169  INFO  (94/100) ING Liquid Fund-Super Institutional Growth Option...
2026-05-12 23:32:52,903  INFO  (95/100) ING Liquid Fund-Super Institutional Daily Dividend Option...
2026-05-12 23:32:53,659  INFO  (96/100) ING Liquid Fund-Super Institutional Weekly Dividend Option...
2026-05-12 23:32:54,406  INFO  (97/100) ING Balanced Fund-Dividend Option...
2026-05-12 23:32:55,044  INFO  (98/100) ING Balanced Fund-Growth Option...
2026-05-12 23:32:55,775  INFO  (99/100) JM Large Cap Fund (Regular) - IDCW ...
2026-05-12 23:32:56,544  INFO  (100/100) JM Large Cap Fund (Regular) - Growth Option...
2026-05-12 23:32:57,311  INFO  Done. Inserted/updated 100 NAV records.
2026-05-12 23:32:57,311  INFO  =======================================================
2026-05-13 00:45:11,754  INFO  =======================================================
2026-05-13 00:45:11,755  INFO  Mutual Fund NAV Tracker (robust)
2026-05-13 00:45:12,751  INFO  Found 37595 schemes. Fetching NAVs for first 100...
2026-05-13 00:45:12,752  INFO  (1/100) Grindlays Super Saver Income Fund-GSSIF-Half Yearly Dividend...
2026-05-13 00:45:13,460  INFO  (2/100) Grindlays Super Saver Income Fund-GSSIF-Quaterly Dividend...
2026-05-13 00:45:14,094  INFO  (3/100) Grindlays Super Saver Income Fund-GSSIF-Growth...
2026-05-13 00:45:14,744  INFO  (4/100) Grindlays Super Saver Income Fund-GSSIF-Annual Dividend...
2026-05-13 00:45:15,401  INFO  (5/100) Grindlays Super Saver Income Fund-GSSIF - ST-Dividend...
2026-05-13 00:45:16,063  INFO  (6/100) Grindlays Super Saver Income Fund-GSSIF - ST-Growth...
2026-05-13 00:45:16,733  INFO  (7/100) Aditya Birla Sun Life Large & Mid Cap Fund - Regular Growth...
2026-05-13 00:45:17,495  INFO  (8/100) Aditya Birla Sun Life Large & Mid Cap Fund -Regular - IDCW...
2026-05-13 00:45:18,211  INFO  (9/100) Birla Sun Life Freedom Fund-Plan A (Dividend)...
2026-05-13 00:45:18,865  INFO  (10/100) Birla Sun Life Freedom Fund-Plan B (Growth)...
2026-05-13 00:45:19,545  INFO  (11/100) Aditya Birla Sun Life Income Fund - Regular - Quarterly IDCW...
2026-05-13 00:45:20,282  INFO  (12/100) Aditya Birla Sun Life Income Fund - Growth - Regular Plan...
2026-05-13 00:45:21,015  INFO  (13/100) Aditya Birla Sun Life Liquid Fund -Institutional - IDCW...
2026-05-13 00:45:21,735  INFO  (14/100) Aditya Birla Sun Life Liquid Fund-Retail (Growth)...
2026-05-13 00:45:22,506  INFO  (15/100) Aditya Birla Sun Life Liquid Fund-Institutional (Growth)...
2026-05-13 00:45:23,242  INFO  (16/100) Aditya Birla Sun Life Liquid Fund -Retail - IDCW...
2026-05-13 00:45:23,979  INFO  (17/100) Aditya Birla Sun Life Liquid Fund -Daily IDCW...
2026-05-13 00:45:24,715  INFO  (18/100) Aditya Birla Sun Life Liquid Fund - Growth...
2026-05-13 00:45:25,437  INFO  (19/100) Aditya Birla Sun Life Liquid Fund -Institutional - weekly  I...
2026-05-13 00:45:26,184  INFO  (20/100) Aditya Birla Sun Life Cash Plus-Institutional - Fortnightly ...
2026-05-13 00:45:26,854  INFO  (21/100) Aditya Birla Sun Life Liquid Fund -weekly IDCW...
2026-05-13 00:45:27,641  INFO  (22/100) Aditya Birla Sun Life Cash Plus-Institutional Premium - Fort...
2026-05-13 00:45:28,298  INFO  (23/100) Aditya Birla Sun Life Cash Plus-Institutional Premium Plan-M...
2026-05-13 00:45:28,956  INFO  (24/100) Aditya Birla Sun Life Gilt Plus - Liquid Plan - Quarterly Di...
2026-05-13 00:45:29,613  INFO  (25/100) Aditya Birla Sun Life Gilt Plus - Liquid Plan - Growth - Reg...
2026-05-13 00:45:30,289  INFO  (26/100) Aditya Birla Sun Life Gilt Plus - Liquid Plan - Annual Divid...
2026-05-13 00:45:30,956  INFO  (27/100) Aditya Birla Sun Life Govenment Securities Fund -Regular - Q...
2026-05-13 00:45:31,682  INFO  (28/100) Aditya Birla Sun Life Government Securities Fund  - Growth -...
2026-05-13 00:45:32,447  INFO  (29/100) Aditya Birla Sun Life Gilt Plus-PF Plan (Annual Dividend)...
2026-05-13 00:45:33,102  INFO  (30/100) Aditya Birla Sun Life Constant Maturity 10 Year Gilt Fund - ...
2026-05-13 00:45:33,825  INFO  (31/100) Aditya Birla Sun Life Constant Maturity 10 Year Gilt Fund - ...
2026-05-13 00:45:34,547  INFO  (32/100) Aditya Birla Sun Life Gilt Plus-Regular Plan (Annual Dividen...
2026-05-13 00:45:35,221  INFO  (33/100) Aditya Birla Sun Life MNC Fund - Regular - IDCW...
2026-05-13 00:45:35,986  INFO  (34/100) Aditya Birla Sun Life MNC Fund - Growth - Regular Plan...
2026-05-13 00:45:36,722  INFO  (35/100) Aditya Birla Sun Life India Opportunities Fund - Dividend - ...
2026-05-13 00:45:37,424  INFO  (36/100) Aditya Birla Sun Life India Opportunities Fund - Growth - Re...
2026-05-13 00:45:38,147  INFO  (37/100) Aditya Birla Sun Life Tax Plan -Regular - IDCW...
2026-05-13 00:45:38,858  INFO  (38/100) BARODA ELSS 96 - Plan A - IDCW...
2026-05-13 00:45:39,554  INFO  (39/100) BARODA PIONEER DIVERSIFIED FUND...
2026-05-13 00:45:40,214  INFO  (40/100) DSP Bond Fund - IDCW...
2026-05-13 00:45:40,965  INFO  (41/100) DSP Bond Fund - Growth...
2026-05-13 00:45:41,706  INFO  (42/100) DSP Bond Fund - IDCW - Monthly...
2026-05-13 00:45:42,448  INFO  (43/100) DSP Flexi Cap Fund - Regular Plan - IDCW...
2026-05-13 00:45:43,170  INFO  (44/100) DSP Aggressive Hybrid Fund- Regular Plan - Growth...
2026-05-13 00:45:43,910  INFO  (45/100) DSP Aggressive Hybrid Fund- Regular Plan - IDCW...
2026-05-13 00:45:44,647  INFO  (46/100) DSP Gilt Fund - Regular Plan - Growth...
2026-05-13 00:45:45,375  INFO  (47/100) DSP Gilt Fund - Regular Plan - IDCW...
2026-05-13 00:45:46,095  INFO  (48/100) DSP Gilt Fund - Regular Plan - IDCW - Monthly...
2026-05-13 00:45:46,813  INFO  (49/100) DSP Savings Fund - Regular Plan - Growth...
2026-05-13 00:45:47,528  INFO  (50/100) DSP Savings Fund - Regular Plan - IDCW...
2026-05-13 00:45:48,261  INFO  (51/100) DSP Savings Fund - Regular Plan - IDCW - Monthly...
2026-05-13 00:45:48,971  INFO  (52/100) DSP BlackRock Technology.com   Fund - Regular Plan - Growth...
2026-05-13 00:45:49,672  INFO  (53/100) HDFC Balanced Advantage Fund - Growth Plan...
2026-05-13 00:45:50,391  INFO  (54/100) HDFC Balanced Advantage Fund - IDCW Plan...
2026-05-13 00:45:51,135  INFO  (55/100) HDFC Balanced Fund - Dividend Option...
2026-05-13 00:45:51,839  INFO  (56/100) HDFC Balanced Fund - Growth Option...
2026-05-13 00:45:52,544  INFO  (57/100) HDFC Income Fund - Quarterly IDCW Option...
2026-05-13 00:45:53,268  INFO  (58/100) HDFC Income Fund - Growth Option...
2026-05-13 00:45:53,987  INFO  (59/100) Principal Deposit Fund-Plan 54EA/EB-Plan 54EA /EB...
2026-05-13 00:45:54,643  INFO  (60/100) Principal Child Benefit Fund-Super Saver-Future Guard Plan...
2026-05-13 00:45:55,318  INFO  (61/100) Principal Retail Equity Savings Fund - Growth Option...
2026-05-13 00:45:56,032  INFO  (62/100) Principal Nifty 100 Equal Weight Fund-Income Distribution CU...
2026-05-13 00:45:56,757  INFO  (63/100) Principal Nifty 100 Equal Weight Fund-Growth...
2026-05-13 00:45:57,498  INFO  (64/100) Principal Equity Fund-Dividend...
2026-05-13 00:45:58,142  INFO  (65/100) Principal Equity Fund-Growth...
2026-05-13 00:45:58,813  INFO  (66/100) Principal Tax Savings Fund...
2026-05-13 00:45:59,509  INFO  (67/100) Quant Dynamic Bond-Dividend...
2026-05-13 00:46:00,216  INFO  (68/100) Quant Dynamic Bond-Growth...
2026-05-13 00:46:00,942  INFO  (69/100) Quant Dynamic Bond-Bonus...
2026-05-13 00:46:01,697  INFO  (70/100) quant ELSS Tax Saver Fund - IDCW Option - Regular Plan...
2026-05-13 00:46:02,442  INFO  (71/100) quant ELSS Tax Saver Fund - Growth Option - Regular Plan...
2026-05-13 00:46:03,181  INFO  (72/100) quant Small Cap Fund - IDCW Option - Regular Plan...
2026-05-13 00:46:03,909  INFO  (73/100) quant Small Cap Fund - Growth - Regular Plan...
2026-05-13 00:46:04,642  INFO  (74/100) ING Income Fund-Regular Plan -Dividend Option (Quarterly)...
2026-05-13 00:46:05,314  INFO  (75/100) ING Income Fund-Regular Plan -Dividend Option (Half Yearly)...
2026-05-13 00:46:06,006  INFO  (76/100) ING Income Fund- Regular Plan - Dividend Option (Annual)...
2026-05-13 00:46:06,701  INFO  (77/100) ING Income Fund-Regular Plan -Growth Option...
2026-05-13 00:46:07,393  INFO  (78/100) ING Income Fund-Institutional Plan - Dividend Option (Half Y...
2026-05-13 00:46:08,053  INFO  (79/100) ING Income Fund-Institutional Plan - Dividend Option (Quarte...
2026-05-13 00:46:08,734  INFO  (80/100) ING Income Fund-Institutional Plan -Dividend Option (Annual)...
2026-05-13 00:46:09,432  INFO  (81/100) ING Income Fund-Bonus Option...
2026-05-13 00:46:10,099  INFO  (82/100) ING Income Fund-Institutional Bonus Option...
2026-05-13 00:46:10,763  INFO  (83/100) ING Income Fund-Institutional Plan - Growth Option...
2026-05-13 00:46:11,474  INFO  (84/100) ING Core Equity Fund-Dividend Option...
2026-05-13 00:46:12,191  INFO  (85/100) ING Core Equity Fund-Growth Option...
2026-05-13 00:46:12,867  INFO  (86/100) ING Liquid Fund-Regular Growth Option...
2026-05-13 00:46:13,633  INFO  (87/100) ING Liquid Fund-Regular Weekly Dividend Option...
2026-05-13 00:46:14,339  INFO  (88/100) ING Liquid Fund-Regular Daily Dividend Option...
2026-05-13 00:46:15,047  INFO  (89/100) ING Liquid Fund-Auto Sweep Growth Option...
2026-05-13 00:46:15,733  INFO  (90/100) ING Liquid Fund-Auto Sweep Weekly Dividend Option...
2026-05-13 00:46:16,418  INFO  (91/100) ING Liquid Fund-Institutional Growth Option...
2026-05-13 00:46:17,141  INFO  (92/100) ING Liquid Fund-Institutional Weekly Dividend Option...
2026-05-13 00:46:17,820  INFO  (93/100) ING Liquid Fund-Institutional Daily Dividend Option...
2026-05-13 00:46:18,500  INFO  (94/100) ING Liquid Fund-Super Institutional Growth Option...
2026-05-13 00:46:19,237  INFO  (95/100) ING Liquid Fund-Super Institutional Daily Dividend Option...
2026-05-13 00:46:19,912  INFO  (96/100) ING Liquid Fund-Super Institutional Weekly Dividend Option...
2026-05-13 00:46:20,587  INFO  (97/100) ING Balanced Fund-Dividend Option...
2026-05-13 00:46:21,249  INFO  (98/100) ING Balanced Fund-Growth Option...
2026-05-13 00:46:21,929  INFO  (99/100) JM Large Cap Fund (Regular) - IDCW ...
2026-05-13 00:46:22,932  INFO  (100/100) JM Large Cap Fund (Regular) - Growth Option...
2026-05-13 00:46:23,910  INFO  Done. Inserted/updated 100 NAV records.
2026-05-13 00:46:23,910  INFO  =======================================================
2026-05-17 13:36:05,004  INFO  =======================================================
2026-05-17 13:36:05,017  INFO  Mutual Fund NAV Tracker (robust)
2026-05-17 13:36:06,479  INFO  Found 37601 schemes. Fetching NAVs for first 100...
2026-05-17 13:36:06,480  INFO  (1/100) Grindlays Super Saver Income Fund-GSSIF-Half Yearly Dividend...
2026-05-17 13:36:07,112  INFO  (2/100) Grindlays Super Saver Income Fund-GSSIF-Quaterly Dividend...
2026-05-17 13:36:07,737  INFO  (3/100) Grindlays Super Saver Income Fund-GSSIF-Growth...
2026-05-17 13:36:08,719  INFO  (4/100) Grindlays Super Saver Income Fund-GSSIF-Annual Dividend...
2026-05-17 13:36:09,697  INFO  (5/100) Grindlays Super Saver Income Fund-GSSIF - ST-Dividend...
2026-05-17 13:36:10,694  INFO  (6/100) Grindlays Super Saver Income Fund-GSSIF - ST-Growth...
2026-05-17 13:36:11,676  INFO  (7/100) Aditya Birla Sun Life Large & Mid Cap Fund - Regular Growth...
2026-05-17 13:36:12,763  INFO  (8/100) Aditya Birla Sun Life Large & Mid Cap Fund -Regular - IDCW...
2026-05-17 13:36:14,042  INFO  (9/100) Birla Sun Life Freedom Fund-Plan A (Dividend)...
2026-05-17 13:36:15,221  INFO  (10/100) Birla Sun Life Freedom Fund-Plan B (Growth)...
2026-05-17 13:36:16,389  INFO  (11/100) Aditya Birla Sun Life Income Fund - Regular - Quarterly IDCW...
2026-05-17 13:36:17,660  INFO  (12/100) Aditya Birla Sun Life Income Fund - Growth - Regular Plan...
2026-05-17 13:36:18,943  INFO  (13/100) Aditya Birla Sun Life Liquid Fund -Institutional - IDCW...
2026-05-17 13:36:20,121  INFO  (14/100) Aditya Birla Sun Life Liquid Fund-Retail (Growth)...
2026-05-17 13:36:21,278  INFO  (15/100) Aditya Birla Sun Life Liquid Fund-Institutional (Growth)...
2026-05-17 13:36:22,403  INFO  (16/100) Aditya Birla Sun Life Liquid Fund -Retail - IDCW...
2026-05-17 13:36:23,516  INFO  (17/100) Aditya Birla Sun Life Liquid Fund -Daily IDCW...
2026-05-17 13:36:24,591  INFO  (18/100) Aditya Birla Sun Life Liquid Fund - Growth...
2026-05-17 13:36:25,712  INFO  (19/100) Aditya Birla Sun Life Liquid Fund -Institutional - weekly  I...
2026-05-17 13:36:26,774  INFO  (20/100) Aditya Birla Sun Life Cash Plus-Institutional - Fortnightly ...
2026-05-17 13:36:27,764  INFO  (21/100) Aditya Birla Sun Life Liquid Fund -weekly IDCW...
2026-05-17 13:36:28,836  INFO  (22/100) Aditya Birla Sun Life Cash Plus-Institutional Premium - Fort...
2026-05-17 13:36:29,890  INFO  (23/100) Aditya Birla Sun Life Cash Plus-Institutional Premium Plan-M...
2026-05-17 13:36:30,894  INFO  (24/100) Aditya Birla Sun Life Gilt Plus - Liquid Plan - Quarterly Di...
2026-05-17 13:36:31,914  INFO  (25/100) Aditya Birla Sun Life Gilt Plus - Liquid Plan - Growth - Reg...
2026-05-17 13:36:32,937  INFO  (26/100) Aditya Birla Sun Life Gilt Plus - Liquid Plan - Annual Divid...
2026-05-17 13:36:33,938  INFO  (27/100) Aditya Birla Sun Life Govenment Securities Fund -Regular - Q...
2026-05-17 13:36:35,028  INFO  (28/100) Aditya Birla Sun Life Government Securities Fund  - Growth -...
2026-05-17 13:36:36,105  INFO  (29/100) Aditya Birla Sun Life Gilt Plus-PF Plan (Annual Dividend)...
2026-05-17 13:36:37,099  INFO  (30/100) Aditya Birla Sun Life Constant Maturity 10 Year Gilt Fund - ...
2026-05-17 13:36:38,172  INFO  (31/100) Aditya Birla Sun Life Constant Maturity 10 Year Gilt Fund - ...
2026-05-17 13:36:39,214  INFO  (32/100) Aditya Birla Sun Life Gilt Plus-Regular Plan (Annual Dividen...
2026-05-17 13:36:40,220  INFO  (33/100) Aditya Birla Sun Life MNC Fund - Regular - IDCW...
2026-05-17 13:36:41,284  INFO  (34/100) Aditya Birla Sun Life MNC Fund - Growth - Regular Plan...
2026-05-17 13:36:42,363  INFO  (35/100) Aditya Birla Sun Life India Opportunities Fund - Dividend - ...
2026-05-17 13:36:43,380  INFO  (36/100) Aditya Birla Sun Life India Opportunities Fund - Growth - Re...
2026-05-17 13:36:44,411  INFO  (37/100) Aditya Birla Sun Life Tax Plan -Regular - IDCW...
2026-05-17 13:36:45,482  INFO  (38/100) BARODA ELSS 96 - Plan A - IDCW...
2026-05-17 13:36:46,501  INFO  (39/100) BARODA PIONEER DIVERSIFIED FUND...
2026-05-17 13:36:47,464  INFO  (40/100) DSP Bond Fund - IDCW...
2026-05-17 13:36:48,537  INFO  (41/100) DSP Bond Fund - Growth...
2026-05-17 13:36:49,654  INFO  (42/100) DSP Bond Fund - IDCW - Monthly...
2026-05-17 13:36:50,701  INFO  (43/100) DSP Flexi Cap Fund - Regular Plan - IDCW...
2026-05-17 13:36:51,770  INFO  (44/100) DSP Aggressive Hybrid Fund- Regular Plan - Growth...
2026-05-17 13:36:52,918  INFO  (45/100) DSP Aggressive Hybrid Fund- Regular Plan - IDCW...
2026-05-17 13:36:54,129  INFO  (46/100) DSP Gilt Fund - Regular Plan - Growth...
2026-05-17 13:36:55,296  INFO  (47/100) DSP Gilt Fund - Regular Plan - IDCW...
2026-05-17 13:36:56,511  INFO  (48/100) DSP Gilt Fund - Regular Plan - IDCW - Monthly...
2026-05-17 13:36:57,574  INFO  (49/100) DSP Savings Fund - Regular Plan - Growth...
2026-05-17 13:36:58,775  INFO  (50/100) DSP Savings Fund - Regular Plan - IDCW...
2026-05-17 13:36:59,852  INFO  (51/100) DSP Savings Fund - Regular Plan - IDCW - Monthly...
2026-05-17 13:37:00,925  INFO  (52/100) DSP BlackRock Technology.com   Fund - Regular Plan - Growth...
2026-05-17 13:37:01,952  INFO  (53/100) HDFC Balanced Advantage Fund - Growth Plan...
2026-05-17 13:37:03,313  INFO  (54/100) HDFC Balanced Advantage Fund - IDCW Plan...
2026-05-17 13:37:04,493  INFO  (55/100) HDFC Balanced Fund - Dividend Option...
2026-05-17 13:37:05,593  INFO  (56/100) HDFC Balanced Fund - Growth Option...
2026-05-17 13:37:06,669  INFO  (57/100) HDFC Income Fund - Quarterly IDCW Option...
2026-05-17 13:37:07,738  INFO  (58/100) HDFC Income Fund - Growth Option...
2026-05-17 13:37:08,775  INFO  (59/100) Principal Deposit Fund-Plan 54EA/EB-Plan 54EA /EB...
2026-05-17 13:37:09,757  INFO  (60/100) Principal Child Benefit Fund-Super Saver-Future Guard Plan...
2026-05-17 13:37:10,734  INFO  (61/100) Principal Retail Equity Savings Fund - Growth Option...
2026-05-17 13:37:11,722  INFO  (62/100) Principal Nifty 100 Equal Weight Fund-Income Distribution CU...
2026-05-17 13:37:13,037  INFO  (63/100) Principal Nifty 100 Equal Weight Fund-Growth...
2026-05-17 13:37:14,251  INFO  (64/100) Principal Equity Fund-Dividend...
2026-05-17 13:37:15,238  INFO  (65/100) Principal Equity Fund-Growth...
2026-05-17 13:37:16,244  INFO  (66/100) Principal Tax Savings Fund...
2026-05-17 13:37:17,311  INFO  (67/100) Quant Dynamic Bond-Dividend...
2026-05-17 13:37:18,352  INFO  (68/100) Quant Dynamic Bond-Growth...
2026-05-17 13:37:19,544  INFO  (69/100) Quant Dynamic Bond-Bonus...
2026-05-17 13:37:20,617  INFO  (70/100) quant ELSS Tax Saver Fund - IDCW Option - Regular Plan...
2026-05-17 13:37:21,685  INFO  (71/100) quant ELSS Tax Saver Fund - Growth Option - Regular Plan...
2026-05-17 13:37:22,907  INFO  (72/100) quant Small Cap Fund - IDCW Option - Regular Plan...
2026-05-17 13:37:24,202  INFO  (73/100) quant Small Cap Fund - Growth - Regular Plan...
2026-05-17 13:37:25,535  INFO  (74/100) ING Income Fund-Regular Plan -Dividend Option (Quarterly)...
2026-05-17 13:37:26,534  INFO  (75/100) ING Income Fund-Regular Plan -Dividend Option (Half Yearly)...
2026-05-17 13:37:27,553  INFO  (76/100) ING Income Fund- Regular Plan - Dividend Option (Annual)...
2026-05-17 13:37:28,607  INFO  (77/100) ING Income Fund-Regular Plan -Growth Option...
2026-05-17 13:37:29,590  INFO  (78/100) ING Income Fund-Institutional Plan - Dividend Option (Half Y...
2026-05-17 13:37:30,584  INFO  (79/100) ING Income Fund-Institutional Plan - Dividend Option (Quarte...
2026-05-17 13:37:31,603  INFO  (80/100) ING Income Fund-Institutional Plan -Dividend Option (Annual)...
2026-05-17 13:37:32,671  INFO  (81/100) ING Income Fund-Bonus Option...
2026-05-17 13:37:33,677  INFO  (82/100) ING Income Fund-Institutional Bonus Option...
2026-05-17 13:37:34,681  INFO  (83/100) ING Income Fund-Institutional Plan - Growth Option...
2026-05-17 13:37:35,676  INFO  (84/100) ING Core Equity Fund-Dividend Option...
2026-05-17 13:37:36,675  INFO  (85/100) ING Core Equity Fund-Growth Option...
2026-05-17 13:37:37,678  INFO  (86/100) ING Liquid Fund-Regular Growth Option...
2026-05-17 13:37:38,708  INFO  (87/100) ING Liquid Fund-Regular Weekly Dividend Option...
2026-05-17 13:37:39,745  INFO  (88/100) ING Liquid Fund-Regular Daily Dividend Option...
2026-05-17 13:37:40,743  INFO  (89/100) ING Liquid Fund-Auto Sweep Growth Option...
2026-05-17 13:37:41,730  INFO  (90/100) ING Liquid Fund-Auto Sweep Weekly Dividend Option...
2026-05-17 13:37:42,733  INFO  (91/100) ING Liquid Fund-Institutional Growth Option...
2026-05-17 13:37:43,791  INFO  (92/100) ING Liquid Fund-Institutional Weekly Dividend Option...
2026-05-17 13:37:44,815  INFO  (93/100) ING Liquid Fund-Institutional Daily Dividend Option...
2026-05-17 13:37:45,807  INFO  (94/100) ING Liquid Fund-Super Institutional Growth Option...
2026-05-17 13:37:46,826  INFO  (95/100) ING Liquid Fund-Super Institutional Daily Dividend Option...
2026-05-17 13:37:47,832  INFO  (96/100) ING Liquid Fund-Super Institutional Weekly Dividend Option...
2026-05-17 13:37:48,973  INFO  (97/100) ING Balanced Fund-Dividend Option...
2026-05-17 13:37:50,220  INFO  (98/100) ING Balanced Fund-Growth Option...
2026-05-17 13:37:51,303  INFO  (99/100) JM Large Cap Fund (Regular) - IDCW ...
2026-05-17 13:37:52,465  INFO  (100/100) JM Large Cap Fund (Regular) - Growth Option...
2026-05-17 13:37:53,677  INFO  Done. Inserted/updated 100 NAV records.
2026-05-17 13:37:53,678  INFO  =======================================================
