2026-05-12 20:07:45,162 - INFO - ============================================================
2026-05-12 20:07:45,162 - INFO - World Bank India Macro Update
2026-05-12 20:07:45,165 - INFO - Fetching GDP_growth_annual_pct (NY.GDP.MKTP.KD.ZG)...
2026-05-12 20:07:46,686 - INFO -   [OK] Inserted 64 records
2026-05-12 20:07:46,936 - INFO - Fetching GDP_per_capita_growth_annual_pct (NY.GDP.PCAP.KD.ZG)...
2026-05-12 20:07:50,426 - INFO -   [OK] Inserted 64 records
2026-05-12 20:07:50,677 - INFO - Fetching Inflation_consumer_prices_annual_pct (FP.CPI.TOTL.ZG)...
2026-05-12 20:07:51,928 - INFO -   [OK] Inserted 65 records
2026-05-12 20:07:52,178 - INFO - Fetching Unemployment_total_pct (SL.UEM.TOTL.ZS)...
2026-05-12 20:07:53,033 - INFO -   [OK] Inserted 35 records
2026-05-12 20:07:53,285 - INFO - Fetching Exports_pct_GDP (NE.EXP.GNFS.ZS)...
2026-05-12 20:07:53,968 - INFO -   [OK] Inserted 65 records
2026-05-12 20:07:54,220 - INFO - Fetching Imports_pct_GDP (NE.IMP.GNFS.ZS)...
2026-05-12 20:07:54,939 - INFO -   [OK] Inserted 65 records
2026-05-12 20:07:55,189 - INFO - Fetching Trade_pct_GDP (NE.TRD.GNFS.ZS)...
2026-05-12 20:07:56,016 - INFO -   [OK] Inserted 65 records
2026-05-12 20:07:56,268 - INFO - Fetching Current_account_balance_pct_GDP (BN.CAB.XOKA.GD.ZS)...
2026-05-12 20:07:57,282 - INFO -   [OK] Inserted 50 records
2026-05-12 20:07:57,533 - INFO - Fetching FDI_net_inflows_pct_GDP (BX.KLT.DINV.WD.GD.ZS)...
2026-05-12 20:07:58,522 - INFO -   [OK] Inserted 55 records
2026-05-12 20:07:58,773 - INFO - Fetching Central_govt_debt_pct_GDP (GC.DOD.TOTL.GD.ZS)...
2026-05-12 20:07:59,762 - INFO -   [OK] Inserted 29 records
2026-05-12 20:08:00,014 - INFO - Fetching Gross_savings_pct_GDP (NY.GNS.ICTR.ZS)...
2026-05-12 20:08:01,020 - INFO -   [OK] Inserted 50 records
2026-05-12 20:08:01,271 - INFO - Fetching GDP_per_capita_USD (NY.GDP.PCAP.CD)...
2026-05-12 20:08:02,234 - INFO -   [OK] Inserted 65 records
2026-05-12 20:08:02,485 - INFO - Fetching Population_total (SP.POP.TOTL)...
2026-05-12 20:08:03,583 - INFO -   [OK] Inserted 65 records
2026-05-12 20:08:03,834 - INFO - Update complete. Total records inserted: 737
2026-05-12 20:08:03,864 - INFO - ============================================================
2026-05-12 20:16:58,024 - INFO - ============================================================
2026-05-12 20:16:58,024 - INFO - World Bank India Macro Update
2026-05-12 20:16:58,026 - INFO - Fetching GDP_growth_annual_pct (NY.GDP.MKTP.KD.ZG)...
2026-05-12 20:16:58,726 - INFO -   [OK] Inserted 64 records
2026-05-12 20:16:58,977 - INFO - Fetching GDP_per_capita_growth_annual_pct (NY.GDP.PCAP.KD.ZG)...
2026-05-12 20:16:59,645 - INFO -   [OK] Inserted 64 records
2026-05-12 20:16:59,896 - INFO - Fetching Inflation_consumer_prices_annual_pct (FP.CPI.TOTL.ZG)...
2026-05-12 20:17:00,545 - INFO -   [OK] Inserted 65 records
2026-05-12 20:17:00,796 - INFO - Fetching Unemployment_total_pct (SL.UEM.TOTL.ZS)...
2026-05-12 20:17:01,934 - INFO -   [OK] Inserted 35 records
2026-05-12 20:17:02,184 - INFO - Fetching Exports_pct_GDP (NE.EXP.GNFS.ZS)...
2026-05-12 20:17:03,195 - INFO -   [OK] Inserted 65 records
2026-05-12 20:17:03,445 - INFO - Fetching Imports_pct_GDP (NE.IMP.GNFS.ZS)...
2026-05-12 20:17:04,473 - INFO -   [OK] Inserted 65 records
2026-05-12 20:17:04,724 - INFO - Fetching Trade_pct_GDP (NE.TRD.GNFS.ZS)...
2026-05-12 20:17:05,733 - INFO -   [OK] Inserted 65 records
2026-05-12 20:17:05,984 - INFO - Fetching Current_account_balance_pct_GDP (BN.CAB.XOKA.GD.ZS)...
2026-05-12 20:17:07,051 - INFO -   [OK] Inserted 50 records
2026-05-12 20:17:07,302 - INFO - Fetching FDI_net_inflows_pct_GDP (BX.KLT.DINV.WD.GD.ZS)...
2026-05-12 20:17:08,343 - INFO -   [OK] Inserted 55 records
2026-05-12 20:17:08,594 - INFO - Fetching Central_govt_debt_pct_GDP (GC.DOD.TOTL.GD.ZS)...
2026-05-12 20:17:09,592 - INFO -   [OK] Inserted 29 records
2026-05-12 20:17:09,843 - INFO - Fetching Gross_savings_pct_GDP (NY.GNS.ICTR.ZS)...
2026-05-12 20:17:10,951 - INFO -   [OK] Inserted 50 records
2026-05-12 20:17:11,202 - INFO - Fetching GDP_per_capita_USD (NY.GDP.PCAP.CD)...
2026-05-12 20:17:12,315 - INFO -   [OK] Inserted 65 records
2026-05-12 20:17:12,566 - INFO - Fetching Population_total (SP.POP.TOTL)...
2026-05-12 20:17:13,619 - INFO -   [OK] Inserted 65 records
2026-05-12 20:17:13,870 - INFO - Update complete. Total records inserted: 737
2026-05-12 20:17:13,899 - INFO - ============================================================
2026-05-12 20:50:49,585 - INFO - ============================================================
2026-05-12 20:50:49,599 - INFO - World Bank India Macro Update
2026-05-12 20:50:49,603 - INFO - Fetching GDP_growth_annual_pct (NY.GDP.MKTP.KD.ZG)...
2026-05-12 20:50:50,397 - INFO -   [OK] Inserted 64 records
2026-05-12 20:50:50,648 - INFO - Fetching GDP_per_capita_growth_annual_pct (NY.GDP.PCAP.KD.ZG)...
2026-05-12 20:50:51,597 - INFO -   [OK] Inserted 64 records
2026-05-12 20:50:51,848 - INFO - Fetching Inflation_consumer_prices_annual_pct (FP.CPI.TOTL.ZG)...
2026-05-12 20:50:52,734 - INFO -   [OK] Inserted 65 records
2026-05-12 20:50:52,987 - INFO - Fetching Unemployment_total_pct (SL.UEM.TOTL.ZS)...
2026-05-12 20:50:53,975 - INFO -   [OK] Inserted 35 records
2026-05-12 20:50:54,226 - INFO - Fetching Exports_pct_GDP (NE.EXP.GNFS.ZS)...
2026-05-12 20:50:55,239 - INFO -   [OK] Inserted 65 records
2026-05-12 20:50:55,490 - INFO - Fetching Imports_pct_GDP (NE.IMP.GNFS.ZS)...
2026-05-12 20:50:58,028 - INFO -   [OK] Inserted 65 records
2026-05-12 20:50:58,279 - INFO - Fetching Trade_pct_GDP (NE.TRD.GNFS.ZS)...
2026-05-12 20:50:59,424 - INFO -   [OK] Inserted 65 records
2026-05-12 20:50:59,676 - INFO - Fetching Current_account_balance_pct_GDP (BN.CAB.XOKA.GD.ZS)...
2026-05-12 20:51:00,638 - INFO -   [OK] Inserted 50 records
2026-05-12 20:51:00,890 - INFO - Fetching FDI_net_inflows_pct_GDP (BX.KLT.DINV.WD.GD.ZS)...
2026-05-12 20:51:01,839 - INFO -   [OK] Inserted 55 records
2026-05-12 20:51:02,090 - INFO - Fetching Central_govt_debt_pct_GDP (GC.DOD.TOTL.GD.ZS)...
2026-05-12 20:51:03,122 - INFO -   [OK] Inserted 29 records
2026-05-12 20:51:03,374 - INFO - Fetching Gross_savings_pct_GDP (NY.GNS.ICTR.ZS)...
2026-05-12 20:51:04,392 - INFO -   [OK] Inserted 50 records
2026-05-12 20:51:04,643 - INFO - Fetching GDP_per_capita_USD (NY.GDP.PCAP.CD)...
2026-05-12 20:51:05,707 - INFO -   [OK] Inserted 65 records
2026-05-12 20:51:05,958 - INFO - Fetching Population_total (SP.POP.TOTL)...
2026-05-12 20:51:06,961 - INFO -   [OK] Inserted 65 records
2026-05-12 20:51:07,212 - INFO - Update complete. Total records inserted: 737
2026-05-12 20:51:07,241 - INFO - ============================================================
2026-05-12 21:24:33,615 - INFO - ============================================================
2026-05-12 21:24:33,630 - INFO - World Bank India Macro Update
2026-05-12 21:24:33,633 - INFO - Fetching GDP_growth_annual_pct (NY.GDP.MKTP.KD.ZG)...
2026-05-12 21:24:34,409 - INFO -   [OK] Inserted 64 records
2026-05-12 21:24:34,660 - INFO - Fetching GDP_per_capita_growth_annual_pct (NY.GDP.PCAP.KD.ZG)...
2026-05-12 21:24:35,651 - INFO -   [OK] Inserted 64 records
2026-05-12 21:24:35,903 - INFO - Fetching Inflation_consumer_prices_annual_pct (FP.CPI.TOTL.ZG)...
2026-05-12 21:24:36,567 - INFO -   [OK] Inserted 65 records
2026-05-12 21:24:36,818 - INFO - Fetching Unemployment_total_pct (SL.UEM.TOTL.ZS)...
2026-05-12 21:24:37,443 - INFO -   [OK] Inserted 35 records
2026-05-12 21:24:37,694 - INFO - Fetching Exports_pct_GDP (NE.EXP.GNFS.ZS)...
2026-05-12 21:24:38,382 - INFO -   [OK] Inserted 65 records
2026-05-12 21:24:38,633 - INFO - Fetching Imports_pct_GDP (NE.IMP.GNFS.ZS)...
2026-05-12 21:24:39,366 - INFO -   [OK] Inserted 65 records
2026-05-12 21:24:39,617 - INFO - Fetching Trade_pct_GDP (NE.TRD.GNFS.ZS)...
2026-05-12 21:24:40,269 - INFO -   [OK] Inserted 65 records
2026-05-12 21:24:40,519 - INFO - Fetching Current_account_balance_pct_GDP (BN.CAB.XOKA.GD.ZS)...
2026-05-12 21:24:41,151 - INFO -   [OK] Inserted 50 records
2026-05-12 21:24:41,402 - INFO - Fetching FDI_net_inflows_pct_GDP (BX.KLT.DINV.WD.GD.ZS)...
2026-05-12 21:24:42,046 - INFO -   [OK] Inserted 55 records
2026-05-12 21:24:42,297 - INFO - Fetching Central_govt_debt_pct_GDP (GC.DOD.TOTL.GD.ZS)...
2026-05-12 21:24:43,011 - INFO -   [OK] Inserted 29 records
2026-05-12 21:24:43,262 - INFO - Fetching Gross_savings_pct_GDP (NY.GNS.ICTR.ZS)...
2026-05-12 21:24:43,911 - INFO -   [OK] Inserted 50 records
2026-05-12 21:24:44,161 - INFO - Fetching GDP_per_capita_USD (NY.GDP.PCAP.CD)...
2026-05-12 21:24:44,777 - INFO -   [OK] Inserted 65 records
2026-05-12 21:24:45,027 - INFO - Fetching Population_total (SP.POP.TOTL)...
2026-05-12 21:24:45,713 - INFO -   [OK] Inserted 65 records
2026-05-12 21:24:45,964 - INFO - Update complete. Total records inserted: 737
2026-05-12 21:24:45,990 - INFO - ============================================================
2026-05-12 21:42:15,173 - INFO - ============================================================
2026-05-12 21:42:15,178 - INFO - World Bank India Macro Update
2026-05-12 21:42:15,180 - INFO - Fetching GDP_growth_annual_pct (NY.GDP.MKTP.KD.ZG)...
2026-05-12 21:42:15,861 - INFO -   [OK] Inserted 64 records
2026-05-12 21:42:16,116 - INFO - Fetching GDP_per_capita_growth_annual_pct (NY.GDP.PCAP.KD.ZG)...
2026-05-12 21:42:16,766 - INFO -   [OK] Inserted 64 records
2026-05-12 21:42:17,017 - INFO - Fetching Inflation_consumer_prices_annual_pct (FP.CPI.TOTL.ZG)...
2026-05-12 21:42:17,591 - INFO -   [OK] Inserted 65 records
2026-05-12 21:42:17,841 - INFO - Fetching Unemployment_total_pct (SL.UEM.TOTL.ZS)...
2026-05-12 21:42:18,422 - INFO -   [OK] Inserted 35 records
2026-05-12 21:42:18,672 - INFO - Fetching Exports_pct_GDP (NE.EXP.GNFS.ZS)...
2026-05-12 21:42:19,221 - INFO -   [OK] Inserted 65 records
2026-05-12 21:42:19,471 - INFO - Fetching Imports_pct_GDP (NE.IMP.GNFS.ZS)...
2026-05-12 21:42:20,045 - INFO -   [OK] Inserted 65 records
2026-05-12 21:42:20,296 - INFO - Fetching Trade_pct_GDP (NE.TRD.GNFS.ZS)...
2026-05-12 21:42:20,895 - INFO -   [OK] Inserted 65 records
2026-05-12 21:42:21,146 - INFO - Fetching Current_account_balance_pct_GDP (BN.CAB.XOKA.GD.ZS)...
2026-05-12 21:42:21,668 - INFO -   [OK] Inserted 50 records
2026-05-12 21:42:21,935 - INFO - Fetching FDI_net_inflows_pct_GDP (BX.KLT.DINV.WD.GD.ZS)...
2026-05-12 21:42:22,533 - INFO -   [OK] Inserted 55 records
2026-05-12 21:42:22,783 - INFO - Fetching Central_govt_debt_pct_GDP (GC.DOD.TOTL.GD.ZS)...
2026-05-12 21:42:23,373 - INFO -   [OK] Inserted 29 records
2026-05-12 21:42:23,623 - INFO - Fetching Gross_savings_pct_GDP (NY.GNS.ICTR.ZS)...
2026-05-12 21:42:24,213 - INFO -   [OK] Inserted 50 records
2026-05-12 21:42:24,464 - INFO - Fetching GDP_per_capita_USD (NY.GDP.PCAP.CD)...
2026-05-12 21:42:25,114 - INFO -   [OK] Inserted 65 records
2026-05-12 21:42:25,365 - INFO - Fetching Population_total (SP.POP.TOTL)...
2026-05-12 21:42:25,968 - INFO -   [OK] Inserted 65 records
2026-05-12 21:42:26,219 - INFO - Update complete. Total records inserted: 737
2026-05-12 21:42:26,233 - INFO - ============================================================
2026-05-12 23:33:23,488 - INFO - ============================================================
2026-05-12 23:33:23,489 - INFO - World Bank India Macro Update
2026-05-12 23:33:23,492 - INFO - Fetching GDP_growth_annual_pct (NY.GDP.MKTP.KD.ZG)...
2026-05-12 23:33:24,135 - INFO -   [OK] Inserted 64 records
2026-05-12 23:33:24,386 - INFO - Fetching GDP_per_capita_growth_annual_pct (NY.GDP.PCAP.KD.ZG)...
2026-05-12 23:33:25,148 - INFO -   [OK] Inserted 64 records
2026-05-12 23:33:25,398 - INFO - Fetching Inflation_consumer_prices_annual_pct (FP.CPI.TOTL.ZG)...
2026-05-12 23:33:26,107 - INFO -   [OK] Inserted 65 records
2026-05-12 23:33:26,358 - INFO - Fetching Unemployment_total_pct (SL.UEM.TOTL.ZS)...
2026-05-12 23:33:27,092 - INFO -   [OK] Inserted 35 records
2026-05-12 23:33:27,343 - INFO - Fetching Exports_pct_GDP (NE.EXP.GNFS.ZS)...
2026-05-12 23:33:27,983 - INFO -   [OK] Inserted 65 records
2026-05-12 23:33:28,234 - INFO - Fetching Imports_pct_GDP (NE.IMP.GNFS.ZS)...
2026-05-12 23:33:28,858 - INFO -   [OK] Inserted 65 records
2026-05-12 23:33:29,109 - INFO - Fetching Trade_pct_GDP (NE.TRD.GNFS.ZS)...
2026-05-12 23:33:29,823 - INFO -   [OK] Inserted 65 records
2026-05-12 23:33:30,074 - INFO - Fetching Current_account_balance_pct_GDP (BN.CAB.XOKA.GD.ZS)...
2026-05-12 23:33:30,720 - INFO -   [OK] Inserted 50 records
2026-05-12 23:33:30,971 - INFO - Fetching FDI_net_inflows_pct_GDP (BX.KLT.DINV.WD.GD.ZS)...
2026-05-12 23:33:31,635 - INFO -   [OK] Inserted 55 records
2026-05-12 23:33:31,887 - INFO - Fetching Central_govt_debt_pct_GDP (GC.DOD.TOTL.GD.ZS)...
2026-05-12 23:33:32,518 - INFO -   [OK] Inserted 29 records
2026-05-12 23:33:32,769 - INFO - Fetching Gross_savings_pct_GDP (NY.GNS.ICTR.ZS)...
2026-05-12 23:33:33,375 - INFO -   [OK] Inserted 50 records
2026-05-12 23:33:33,626 - INFO - Fetching GDP_per_capita_USD (NY.GDP.PCAP.CD)...
2026-05-12 23:33:34,388 - INFO -   [OK] Inserted 65 records
2026-05-12 23:33:34,639 - INFO - Fetching Population_total (SP.POP.TOTL)...
2026-05-12 23:33:35,373 - INFO -   [OK] Inserted 65 records
2026-05-12 23:33:35,624 - INFO - Update complete. Total records inserted: 737
2026-05-12 23:33:35,650 - INFO - ============================================================
2026-05-13 00:46:43,717 - INFO - ============================================================
2026-05-13 00:46:43,718 - INFO - World Bank India Macro Update
2026-05-13 00:46:43,721 - INFO - Fetching GDP_growth_annual_pct (NY.GDP.MKTP.KD.ZG)...
2026-05-13 00:46:44,427 - INFO -   [OK] Inserted 64 records
2026-05-13 00:46:44,678 - INFO - Fetching GDP_per_capita_growth_annual_pct (NY.GDP.PCAP.KD.ZG)...
2026-05-13 00:46:45,328 - INFO -   [OK] Inserted 64 records
2026-05-13 00:46:45,579 - INFO - Fetching Inflation_consumer_prices_annual_pct (FP.CPI.TOTL.ZG)...
2026-05-13 00:46:46,280 - INFO -   [OK] Inserted 65 records
2026-05-13 00:46:46,532 - INFO - Fetching Unemployment_total_pct (SL.UEM.TOTL.ZS)...
2026-05-13 00:46:47,161 - INFO -   [OK] Inserted 35 records
2026-05-13 00:46:47,412 - INFO - Fetching Exports_pct_GDP (NE.EXP.GNFS.ZS)...
2026-05-13 00:46:48,004 - INFO -   [OK] Inserted 65 records
2026-05-13 00:46:48,255 - INFO - Fetching Imports_pct_GDP (NE.IMP.GNFS.ZS)...
2026-05-13 00:46:48,923 - INFO -   [OK] Inserted 65 records
2026-05-13 00:46:49,174 - INFO - Fetching Trade_pct_GDP (NE.TRD.GNFS.ZS)...
2026-05-13 00:46:49,848 - INFO -   [OK] Inserted 65 records
2026-05-13 00:46:50,099 - INFO - Fetching Current_account_balance_pct_GDP (BN.CAB.XOKA.GD.ZS)...
2026-05-13 00:46:50,707 - INFO -   [OK] Inserted 50 records
2026-05-13 00:46:50,958 - INFO - Fetching FDI_net_inflows_pct_GDP (BX.KLT.DINV.WD.GD.ZS)...
2026-05-13 00:46:51,596 - INFO -   [OK] Inserted 55 records
2026-05-13 00:46:51,847 - INFO - Fetching Central_govt_debt_pct_GDP (GC.DOD.TOTL.GD.ZS)...
2026-05-13 00:46:52,475 - INFO -   [OK] Inserted 29 records
2026-05-13 00:46:52,725 - INFO - Fetching Gross_savings_pct_GDP (NY.GNS.ICTR.ZS)...
2026-05-13 00:46:53,366 - INFO -   [OK] Inserted 50 records
2026-05-13 00:46:53,618 - INFO - Fetching GDP_per_capita_USD (NY.GDP.PCAP.CD)...
2026-05-13 00:46:54,210 - INFO -   [OK] Inserted 65 records
2026-05-13 00:46:54,461 - INFO - Fetching Population_total (SP.POP.TOTL)...
2026-05-13 00:46:55,084 - INFO -   [OK] Inserted 65 records
2026-05-13 00:46:55,335 - INFO - Update complete. Total records inserted: 737
2026-05-13 00:46:55,363 - INFO - ============================================================
2026-05-17 13:38:25,671 - INFO - ============================================================
2026-05-17 13:38:25,684 - INFO - World Bank India Macro Update
2026-05-17 13:38:25,688 - INFO - Fetching GDP_growth_annual_pct (NY.GDP.MKTP.KD.ZG)...
2026-05-17 13:38:27,758 - INFO -   [OK] Inserted 64 records
2026-05-17 13:38:28,008 - INFO - Fetching GDP_per_capita_growth_annual_pct (NY.GDP.PCAP.KD.ZG)...
2026-05-17 13:38:30,004 - INFO -   [OK] Inserted 64 records
2026-05-17 13:38:30,255 - INFO - Fetching Inflation_consumer_prices_annual_pct (FP.CPI.TOTL.ZG)...
2026-05-17 13:38:31,848 - INFO -   [OK] Inserted 65 records
2026-05-17 13:38:32,099 - INFO - Fetching Unemployment_total_pct (SL.UEM.TOTL.ZS)...
2026-05-17 13:38:33,778 - INFO -   [OK] Inserted 35 records
2026-05-17 13:38:34,029 - INFO - Fetching Exports_pct_GDP (NE.EXP.GNFS.ZS)...
2026-05-17 13:38:35,946 - INFO -   [OK] Inserted 65 records
2026-05-17 13:38:36,198 - INFO - Fetching Imports_pct_GDP (NE.IMP.GNFS.ZS)...
2026-05-17 13:38:37,989 - INFO -   [OK] Inserted 65 records
2026-05-17 13:38:38,240 - INFO - Fetching Trade_pct_GDP (NE.TRD.GNFS.ZS)...
2026-05-17 13:38:40,038 - INFO -   [OK] Inserted 65 records
2026-05-17 13:38:40,289 - INFO - Fetching Current_account_balance_pct_GDP (BN.CAB.XOKA.GD.ZS)...
2026-05-17 13:38:42,099 - INFO -   [OK] Inserted 50 records
2026-05-17 13:38:42,350 - INFO - Fetching FDI_net_inflows_pct_GDP (BX.KLT.DINV.WD.GD.ZS)...
2026-05-17 13:38:44,326 - INFO -   [OK] Inserted 55 records
2026-05-17 13:38:44,576 - INFO - Fetching Central_govt_debt_pct_GDP (GC.DOD.TOTL.GD.ZS)...
2026-05-17 13:38:47,821 - INFO -   [OK] Inserted 29 records
2026-05-17 13:38:48,071 - INFO - Fetching Gross_savings_pct_GDP (NY.GNS.ICTR.ZS)...
2026-05-17 13:38:49,898 - INFO -   [OK] Inserted 50 records
2026-05-17 13:38:50,150 - INFO - Fetching GDP_per_capita_USD (NY.GDP.PCAP.CD)...
2026-05-17 13:38:52,736 - INFO -   [OK] Inserted 65 records
2026-05-17 13:38:52,987 - INFO - Fetching Population_total (SP.POP.TOTL)...
2026-05-17 13:38:54,783 - INFO -   [OK] Inserted 65 records
2026-05-17 13:38:55,034 - INFO - Update complete. Total records inserted: 737
2026-05-17 13:38:55,064 - INFO - ============================================================
